[8771 #1] Installed 24 packages in 83ms
[8771 #1]    0.0s session 01M43G9258DA0WN8YD2FEB89S0
[8771 #1]    0.2s liveview opened
[8771 #1] viewer_requested {'ua': 'Mozilla/5.0 (iPhone; CPU iPhone OS 18_7 like Mac OS X) AppleWebKit/605.1.15 (KHTML, like Gecko) Version/26.5 Mobile/15E1'}
[8771 #1] viewer_page_loaded {'sincePageStartMs': 141, 'userAgent': 'Mozilla/5.0 (iPhone; CPU iPhone OS 18_7 like Mac OS X) AppleWebKit/605.1.15 (KHTML, like Gecko) Version/26.5 Mobile/15E148 Safari/604.1', 'secureContext': True}
[8771 #1] viewer_authenticated {'sincePageStartMs': 695}
[8771 #1] viewer_connected {'sincePageStartMs': 1010}
[8771 #1] viewer_first_frame {'sincePageStartMs': 1925}
[8771 #1]    2.4s cdp connected
[8771 #1]    2.4s goto
[8771 #1]    5.7s loaded
[8771 #1]    5.7s evaluate scroll #1
[8771 #1]    5.8s wait #1
[8771 #1]    6.3s evaluate scroll #2
[8771 #1]    6.7s wait #2
[8771 #1]    7.2s evaluate scroll #3
[8771 #1]    7.4s wait #3
[8771 #1]    7.9s evaluate scroll #4
[8771 #1]    8.7s wait #4
[8771 #1]    9.2s evaluate scroll #5
[8771 #1]    9.4s wait #5
[8771 #1]    9.9s evaluate scroll #6
[8771 #1]   10.0s wait #6
[8771 #1]   10.5s evaluate scroll #7
[8771 #1]   10.5s wait #7
[8771 #1]   11.0s evaluate scroll #8
[8771 #1]   11.1s wait #8
[8771 #1]   11.6s evaluate scroll #9
[8771 #1]   11.6s wait #9
[8771 #1]   12.1s evaluate scroll #10
[8771 #1]   12.2s wait #10
[8771 #1]   12.7s evaluate scroll #11
[8771 #1]   12.7s wait #11
[8771 #1]   13.2s evaluate scroll #12
[8771 #1]   13.3s wait #12
[8771 #1]   13.8s evaluate scroll #13
[8771 #1]   13.8s wait #13
[8771 #1]   14.3s evaluate scroll #14
[8771 #1]   14.3s wait #14
[8771 #1]   14.8s evaluate scroll #15
[8771 #1]   14.9s wait #15
[8771 #1]   15.4s evaluate scroll #16
[8771 #1]   15.4s wait #16
[8771 #1]   15.9s evaluate scroll #17
[8771 #1]   16.0s wait #17
[8771 #1]   16.5s evaluate scroll #18
[8771 #1]   16.5s wait #18
[8771 #1]   17.0s evaluate scroll #19
[8771 #1]   17.2s wait #19
[8771 #1]   17.7s evaluate scroll #20
[8771 #1]   17.7s wait #20
[8771 #1]   18.2s evaluate scroll #21
[8771 #1]   18.3s wait #21
[8771 #1]   18.8s evaluate scroll #22
[8771 #1]   18.8s wait #22
[8771 #1]   19.3s evaluate scroll #23
[8771 #1]   19.4s wait #23
[8771 #1]   19.9s evaluate scroll #24
[8771 #1]   19.9s wait #24
[8771 #1]   20.4s evaluate scroll #25
[8771 #1]   20.5s wait #25
[8771 #1]   21.0s evaluate scroll #26
[8771 #1]   21.0s wait #26
[8771 #1]   21.5s evaluate scroll #27
[8771 #1]   21.6s wait #27
[8771 #1]   22.1s evaluate scroll #28
[8771 #1]   22.1s wait #28
[8771 #1]   22.6s evaluate scroll #29
[8771 #1]   22.7s wait #29
[8771 #1]   23.2s evaluate scroll #30
[8771 #1]   23.2s wait #30
[8771 #1]   23.7s evaluate scroll #31
[8771 #1]   23.8s wait #31
[8771 #1]   24.3s evaluate scroll #32
[8771 #1]   24.3s wait #32
[8771 #1]   24.8s evaluate scroll #33
[8771 #1]   24.8s wait #33
[8771 #1]   25.3s evaluate scroll #34
[8771 #1]   25.4s wait #34
[8771 #1]   25.9s evaluate scroll #35
[8771 #1]   25.9s wait #35
[8771 #1]   26.4s evaluate scroll #36
[8771 #1]   26.5s wait #36
[8771 #1]   27.0s evaluate scroll #37
[8771 #1]   27.1s wait #37
[8771 #1]   27.6s evaluate scroll #38
[8771 #1]   27.7s wait #38
[8771 #1]   28.2s evaluate scroll #39
[8771 #1]   28.2s wait #39
[8771 #1]   28.7s evaluate scroll #40
[8771 #1]   28.8s wait #40
[8771 #1]   29.3s evaluate scroll #41
[8771 #1]   29.3s wait #41
[8771 #1]   29.8s evaluate scroll #42
[8771 #1]   29.9s wait #42
[8771 #1]   30.4s evaluate scroll #43
[8771 #1]   30.4s wait #43
[8771 #1]   30.9s evaluate scroll #44
[8771 #1]   31.0s wait #44
[8771 #1]   31.5s evaluate scroll #45
[8771 #1]   31.5s wait #45
[8771 #1]   32.0s evaluate scroll #46
[8771 #1]   32.1s wait #46
[8771 #1]   32.6s evaluate scroll #47
[8771 #1]   32.6s wait #47
[8771 #1]   33.1s evaluate scroll #48
[8771 #1]   33.2s wait #48
[8771 #1]   33.7s evaluate scroll #49
[8771 #1]   33.7s wait #49
[8771 #1]   34.2s evaluate scroll #50
[8771 #1]   34.3s wait #50
[8771 #1]   34.8s evaluate scroll #51
[8771 #1]   34.8s wait #51
[8771 #1]   35.3s evaluate scroll #52[8772 #1]    0.0s session 01M43G9265J3H4BSAXSWTT6KBN
[8772 #1]    0.1s liveview opened
[8772 #1] viewer_requested {'ua': 'Mozilla/5.0 (iPhone; CPU iPhone OS 18_7 like Mac OS X) AppleWebKit/605.1.15 (KHTML, like Gecko) Version/26.5 Mobile/15E1'}
[8772 #1] viewer_page_loaded {'sincePageStartMs': 140, 'userAgent': 'Mozilla/5.0 (iPhone; CPU iPhone OS 18_7 like Mac OS X) AppleWebKit/605.1.15 (KHTML, like Gecko) Version/26.5 Mobile/15E148 Safari/604.1', 'secureContext': True}
[8772 #1] viewer_authenticated {'sincePageStartMs': 721}
[8772 #1] viewer_connected {'sincePageStartMs': 1067}
[8772 #1] viewer_first_frame {'sincePageStartMs': 1987}
[8772 #1]    2.2s cdp connected
[8772 #1]    2.2s goto
[8772 #1]    5.7s loaded
[8772 #1]    5.7s evaluate scroll #1
[8772 #1]    5.9s wait #1
[8772 #1]    6.4s evaluate scroll #2
[8772 #1]    6.6s wait #2
[8772 #1]    7.1s evaluate scroll #3
[8772 #1]    7.5s wait #3
[8772 #1]    8.0s evaluate scroll #4
[8772 #1]   11.7s wait #4
[8772 #1]   12.2s evaluate scroll #5
[8772 #1]   12.2s wait #5
[8772 #1]   12.7s evaluate scroll #6
[8772 #1]   12.8s wait #6
[8772 #1]   13.3s evaluate scroll #7
[8772 #1]   13.4s wait #7
[8772 #1]   13.9s evaluate scroll #8
[8772 #1]   14.0s wait #8
[8772 #1]   14.5s evaluate scroll #9
[8772 #1]   14.5s wait #9
[8772 #1]   15.0s evaluate scroll #10
[8772 #1]   15.0s wait #10
[8772 #1]   15.5s evaluate scroll #11
[8772 #1]   15.6s wait #11
[8772 #1]   16.1s evaluate scroll #12
[8772 #1]   16.1s wait #12
[8772 #1]   16.6s evaluate scroll #13
[8772 #1]   16.7s wait #13
[8772 #1]   17.2s evaluate scroll #14
[8772 #1]   17.2s wait #14
[8772 #1]   17.7s evaluate scroll #15
[8772 #1]   17.8s wait #15
[8772 #1]   18.3s evaluate scroll #16
[8772 #1]   18.3s wait #16
[8772 #1]   18.8s evaluate scroll #17
[8772 #1]   18.9s wait #17
[8772 #1]   19.4s evaluate scroll #18
[8772 #1]   19.4s wait #18
[8772 #1]   19.9s evaluate scroll #19
[8772 #1]   20.0s wait #19
[8772 #1]   20.5s evaluate scroll #20
[8772 #1]   20.5s wait #20
[8772 #1]   21.0s evaluate scroll #21
[8772 #1]   21.1s wait #21
[8772 #1]   21.6s evaluate scroll #22
[8772 #1]   21.6s wait #22
[8772 #1]   22.1s evaluate scroll #23
[8772 #1]   22.2s wait #23
[8772 #1]   22.7s evaluate scroll #24
[8772 #1]   22.7s wait #24
[8772 #1]   23.2s evaluate scroll #25
[8772 #1]   23.3s wait #25
[8772 #1]   23.8s evaluate scroll #26
[8772 #1]   23.9s wait #26
[8772 #1]   24.4s evaluate scroll #27
[8772 #1]   24.4s wait #27
[8772 #1]   24.9s evaluate scroll #28
[8772 #1]   25.0s wait #28
[8772 #1]   25.5s evaluate scroll #29
[8772 #1]   25.5s wait #29
[8772 #1]   26.0s evaluate scroll #30
[8772 #1]   26.1s wait #30
[8772 #1]   26.6s evaluate scroll #31
[8772 #1]   26.6s wait #31
[8772 #1]   27.1s evaluate scroll #32
[8772 #1]   27.2s wait #32
[8772 #1]   27.7s evaluate scroll #33
[8772 #1]   27.7s wait #33
[8772 #1]   28.2s evaluate scroll #34
[8772 #1]   28.3s wait #34
[8772 #1]   28.8s evaluate scroll #35
[8772 #1]   28.8s wait #35
[8772 #1]   29.3s evaluate scroll #36
[8772 #1]   29.4s wait #36
[8772 #1]   29.9s evaluate scroll #37
[8772 #1]   29.9s wait #37
[8772 #1]   30.4s evaluate scroll #38
[8772 #1]   30.5s wait #38
[8772 #1]   31.0s evaluate scroll #39
[8772 #1]   31.0s wait #39
[8772 #1]   31.5s evaluate scroll #40
[8772 #1]   31.6s wait #40
[8772 #1]   32.1s evaluate scroll #41
[8772 #1]   32.1s wait #41
[8772 #1]   32.6s evaluate scroll #42
[8772 #1]   32.7s wait #42
[8772 #1]   33.2s evaluate scroll #43
[8772 #1]   33.2s wait #43
[8772 #1]   33.7s evaluate scroll #44
[8772 #1]   33.8s wait #44
[8772 #1]   34.3s evaluate scroll #45
[8772 #1]   34.4s wait #45
[8772 #1]   34.9s evaluate scroll #46
[8772 #1]   34.9s wait #46
[8772 #1]   35.4s evaluate scroll #47
[8772 #1]   35.5s wait #47
[8772 #1]   36.0s evaluate scroll #48
[8772 #1]   36.0s wait #48
[8772 #1]   36.5s evaluate scroll #49
[8772 #1]   36.6s wait #49
[8772 #1]   37.1s evaluate scroll #50
[8772 #1]   37.1s wait #50
[8772 #1]   37.6s evaluate scroll #51
[8772 #1]   37.7s wait #51
[8772 #1]   38.2s evaluate scroll #52
[8772 #1]   38.2s wait #52
[8772 #1]   
[8771 #1]   35.4s wait #52
[8771 #1]   35.9s evaluate scroll #53
[8771 #1]   35.9s wait #53
[8771 #1]   36.4s evaluate scroll #54
[8771 #1]   36.6s wait #54
[8771 #1]   37.1s evaluate scroll #55
[8771 #1]   37.1s wait #55
[8771 #1]   37.6s evaluate scroll #56
[8771 #1]   37.7s wait #56
[8771 #1]   38.2s evaluate scroll #57
[8771 #1]   38.2s wait #57
[8771 #1]   38.7s evaluate scroll #58
[8771 #1]   38.8s wait #58
[8771 #1]   39.3s evaluate scroll #59
[8771 #1]   39.4s wait #59
[8771 #1]   39.9s evaluate scroll #60
[8771 #1]   39.9s wait #60
[8771 #1]   40.4s evaluate scroll #61
[8771 #1]   40.5s wait #61
[8771 #1]   41.0s evaluate scroll #62
[8771 #1]   41.0s wait #62
[8771 #1]   41.5s evaluate scroll #63
[8771 #1]   41.5s wait #63
[8771 #1]   42.1s evaluate scroll #64
[8771 #1]   42.1s wait #64
[8771 #1]   42.6s evaluate scroll #65
[8771 #1]   42.6s wait #65
[8771 #1]   43.1s evaluate scroll #66
[8771 #1]   43.2s wait #66
[8771 #1]   43.7s evaluate scroll #67
[8771 #1]   43.7s wait #67
[8771 #1]   44.2s evaluate scroll #68
[8771 #1]   44.3s wait #68
[8771 #1]   44.8s evaluate scroll #69
[8771 #1]   44.8s wait #69
[8771 #1]   45.3s evaluate scroll #70
[8771 #1]   45.5s wait #70
[8771 #1]   46.0s evaluate scroll #71
[8771 #1]   46.0s wait #71
[8771 #1]   46.5s evaluate scroll #72
[8771 #1]   46.6s wait #72
[8771 #1]   47.1s evaluate scroll #73
[8771 #1]   47.1s wait #73
[8771 #1]   47.6s evaluate scroll #74
[8771 #1]   47.7s wait #74
[8771 #1]   48.2s evaluate scroll #75
[8771 #1]   48.2s wait #75
[8771 #1]   48.7s evaluate scroll #76
[8771 #1]   48.8s wait #76
[8771 #1]   49.3s evaluate scroll #77
[8771 #1]   49.3s wait #77
[8771 #1]   49.8s evaluate scroll #78
[8771 #1]   49.9s wait #78
[8771 #1]   50.4s evaluate scroll #79
[8771 #1]   50.4s wait #79
[8771 #1]   50.9s evaluate scroll #80
[8771 #1]   51.0s wait #80
[8771 #1]   51.5s evaluate scroll #81
[8771 #1]   51.5s wait #81
[8771 #1]   52.0s evaluate scroll #82
[8771 #1]   52.1s wait #82
[8771 #1]   52.6s evaluate scroll #83
[8771 #1]   52.6s wait #83
[8771 #1]   53.1s evaluate scroll #84
[8771 #1]   53.2s wait #84
[8771 #1]   53.7s evaluate scroll #85
[8771 #1]   53.7s wait #85
[8771 #1]   54.2s evaluate scroll #86
[8771 #1]   54.3s wait #86
[8771 #1]   54.8s evaluate scroll #87
[8771 #1]   54.8s wait #87
[8771 #1]   55.3s evaluate scroll #88
[8771 #1]   55.4s wait #88
[8771 #1]   55.9s evaluate scroll #89
[8771 #1]   56.0s wait #89
[8771 #1]   56.5s evaluate scroll #90
[8771 #1]   56.5s wait #90
[8771 #1]   57.0s evaluate scroll #91
[8771 #1]   57.1s wait #91
[8771 #1]   57.6s evaluate scroll #92
[8771 #1]   57.6s wait #92
[8771 #1]   58.1s evaluate scroll #93
[8771 #1]   58.2s wait #93
[8771 #1]   58.7s evaluate scroll #94
[8771 #1]   58.7s wait #94
[8771 #1]   59.2s evaluate scroll #95
[8771 #1]   59.3s wait #95
[8771 #1]   59.8s evaluate scroll #96
[8771 #1]   59.8s wait #96
[8771 #1] RESULT OK 01M43G9258DA0WN8YD2FEB89S0 
38.7s evaluate scroll #53
[8772 #1]   38.8s wait #53
[8772 #1]   39.3s evaluate scroll #54
[8772 #1]   39.3s wait #54
[8772 #1]   39.8s evaluate scroll #55
[8772 #1]   39.9s wait #55
[8772 #1]   40.4s evaluate scroll #56
[8772 #1]   40.4s wait #56
[8772 #1]   40.9s evaluate scroll #57
[8772 #1]   40.9s wait #57
[8772 #1]   41.5s evaluate scroll #58
[8772 #1]   41.5s wait #58
[8772 #1]   42.0s evaluate scroll #59
[8772 #1]   42.0s wait #59
[8772 #1]   42.5s evaluate scroll #60
[8772 #1]   42.6s wait #60
[8772 #1]   43.1s evaluate scroll #61
[8772 #1]   43.1s wait #61
[8772 #1]   43.6s evaluate scroll #62
[8772 #1]   43.8s wait #62
[8772 #1]   44.3s evaluate scroll #63
[8772 #1]   44.3s wait #63
[8772 #1]   44.8s evaluate scroll #64
[8772 #1]   44.9s wait #64
[8772 #1]   45.4s evaluate scroll #65
[8772 #1]   45.4s wait #65
[8772 #1]   45.9s evaluate scroll #66
[8772 #1]   46.0s wait #66
[8772 #1]   46.5s evaluate scroll #67
[8772 #1]   46.5s wait #67
[8772 #1]   47.0s evaluate scroll #68
[8772 #1]   47.1s wait #68
[8772 #1]   47.6s evaluate scroll #69
[8772 #1]   47.6s wait #69
[8772 #1]   48.1s evaluate scroll #70
[8772 #1]   48.2s wait #70
[8772 #1]   48.7s evaluate scroll #71
[8772 #1]   48.7s wait #71
[8772 #1]   49.2s evaluate scroll #72
[8772 #1]   49.3s wait #72
[8772 #1]   49.8s evaluate scroll #73
[8772 #1]   49.8s wait #73
[8772 #1]   50.3s evaluate scroll #74
[8772 #1]   50.4s wait #74
[8772 #1]   50.9s evaluate scroll #75
[8772 #1]   50.9s wait #75
[8772 #1]   51.4s evaluate scroll #76
[8772 #1]   51.5s wait #76
[8772 #1]   52.0s evaluate scroll #77
[8772 #1]   52.0s wait #77
[8772 #1]   52.5s evaluate scroll #78
[8772 #1]   52.5s wait #78
[8772 #1]   53.0s evaluate scroll #79
[8772 #1]   53.1s wait #79
[8772 #1]   53.6s evaluate scroll #80
[8772 #1]   53.6s wait #80
[8772 #1]   54.1s evaluate scroll #81
[8772 #1]   54.3s wait #81
[8772 #1]   54.8s evaluate scroll #82
[8772 #1]   54.8s wait #82
[8772 #1]   55.3s evaluate scroll #83
[8772 #1]   55.4s wait #83
[8772 #1]   55.9s evaluate scroll #84
[8772 #1]   55.9s wait #84
[8772 #1]   56.4s evaluate scroll #85
[8772 #1]   56.5s wait #85
[8772 #1]   57.0s evaluate scroll #86
[8772 #1]   57.0s wait #86
[8772 #1]   57.5s evaluate scroll #87
[8772 #1]   57.6s wait #87
[8772 #1]   58.1s evaluate scroll #88
[8772 #1]   58.1s wait #88
[8772 #1]   58.6s evaluate scroll #89
[8772 #1]   58.7s wait #89
[8772 #1]   59.2s evaluate scroll #90
[8772 #1]   59.2s wait #90
[8772 #1]   59.7s evaluate scroll #91
[8772 #1]   59.8s wait #91
[8772 #1] RESULT OK 01M43G9265J3H4BSAXSWTT6KBN 
[8771 #2]    0.0s session 01M43GAZ5PG42VBQKXV2A1A5T0
[8771 #2]    0.1s liveview opened
[8771 #2] viewer_requested {'ua': 'Mozilla/5.0 (iPhone; CPU iPhone OS 18_7 like Mac OS X) AppleWebKit/605.1.15 (KHTML, like Gecko) Version/26.5 Mobile/15E1'}
[8771 #2] viewer_page_loaded {'sincePageStartMs': 65, 'userAgent': 'Mozilla/5.0 (iPhone; CPU iPhone OS 18_7 like Mac OS X) AppleWebKit/605.1.15 (KHTML, like Gecko) Version/26.5 Mobile/15E148 Safari/604.1', 'secureContext': True}
[8771 #2] viewer_authenticated {'sincePageStartMs': 529}
[8771 #2]    0.9s cdp connected
[8771 #2]    0.9s goto
[8771 #2] viewer_connected {'sincePageStartMs': 911}
[8771 #2] viewer_first_frame {'sincePageStartMs': 1915}
[8771 #2]    3.1s loaded
[8771 #2]    3.1s evaluate scroll #1
[8771 #2]    3.3s wait #1
[8771 #2]    3.8s evaluate scroll #2
[8771 #2]    3.9s wait #2
[8771 #2]    4.4s evaluate scroll #3
[8771 #2]    4.6s wait #3
[8771 #2]    5.1s evaluate scroll #4
[8771 #2]    5.2s wait #4
[8771 #2]    5.7s evaluate scroll #5
[8771 #2]    5.7s wait #5
[8771 #2]    6.2s evaluate scroll #6
[8771 #2]    6.4s wait #6
[8771 #2]    6.9s evaluate scroll #7
[8771 #2]    7.0s wait #7
[8771 #2]    7.5s evaluate scroll #8
[8771 #2]    7.5s wait #8
[8771 #2]    8.0s evaluate scroll #9
[8771 #2]    8.1s wait #9
[8771 #2]    8.6s evaluate scroll #10
[8771 #2]    8.6s wait #10
[8771 #2]    9.1s evaluate scroll #11
[8771 #2]    9.1s wait #11
[8771 #2]    9.6s evaluate scroll #12
[8771 #2]    9.7s wait #12
[8771 #2]   10.2s evaluate scroll #13
[8771 #2]   10.2s wait #13
[8771 #2]   10.7s evaluate scroll #14
[8771 #2]   10.8s wait #14
[8771 #2]   11.3s evaluate scroll #15
[8771 #2]   11.3s wait #15
[8771 #2]   11.8s evaluate scroll #16
[8771 #2]   12.0s wait #16
[8771 #2]   12.5s evaluate scroll #17
[8771 #2]   12.5s wait #17
[8771 #2]   13.0s evaluate scroll #18
[8771 #2]   13.1s wait #18
[8771 #2]   13.6s evaluate scroll #19
[8771 #2]   13.6s wait #19
[8771 #2]   14.1s evaluate scroll #20
[8771 #2]   14.2s wait #20
[8771 #2]   14.7s evaluate scroll #21
[8771 #2]   14.7s wait #21
[8771 #2]   15.2s evaluate scroll #22
[8771 #2]   15.3s wait #22
[8771 #2]   15.8s evaluate scroll #23
[8771 #2]   15.8s wait #23
[8771 #2]   16.3s evaluate scroll #24
[8771 #2]   16.4s wait #24
[8771 #2]   16.9s evaluate scroll #25
[8771 #2]   16.9s wait #25
[8771 #2]   17.4s evaluate scroll #26
[8771 #2]   17.5s wait #26
[8771 #2]   18.0s evaluate scroll #27
[8771 #2]   18.0s wait #27
[8771 #2]   18.5s evaluate scroll #28
[8771 #2]   18.6s wait #28
[8771 #2]   19.1s evaluate scroll #29
[8771 #2]   19.1s wait #29
[8771 #2]   19.6s evaluate scroll #30
[8771 #2]   19.6s wait #30
[8771 #2]   20.1s evaluate scroll #31
[8771 #2]   20.2s wait #31
[8771 #2]   20.7s evaluate scroll #32
[8771 #2]   20.7s wait #32
[8771 #2]   21.2s evaluate scroll #33
[8771 #2]   21.3s wait #33
[8771 #2]   21.8s evaluate scroll #34
[8771 #2]   21.9s wait #34
[8771 #2]   22.4s evaluate scroll #35
[8771 #2]   22.5s wait #35
[8771 #2]   23.0s evaluate scroll #36
[8771 #2]   23.0s wait #36
[8771 #2]   23.5s evaluate scroll #37
[8771 #2]   23.6s wait #37
[8771 #2]   24.1s evaluate scroll #38
[8771 #2]   24.1s wait #38
[8771 #2]   24.6s evaluate scroll #39
[8771 #2]   24.7s wait #39
[8771 #2]   25.2s evaluate scroll #40
[8771 #2]   25.2s wait #40
[8771 #2]   25.7s evaluate scroll #41
[8771 #2]   25.8s wait #41
[8771 #2]   26.3s evaluate scroll #42
[8771 #2]   26.3s wait #42
[8771 #2]   26.8s evaluate scroll #43
[8771 #2]   26.9s wait #43
[8771 #2]   27.4s evaluate scroll #44
[8771 #2]   27.4s wait #44
[8771 #2]   27.9s evaluate scroll #45
[8771 #2]   28.0s wait #45
[8771 #2]   28.5s evaluate scroll #46
[8771 #2]   28.5s wait #46
[8771 #2]   29.0s evaluate scroll #47
[8771 #2]   29.0s wait #47
[8771 #2]   29.6s evaluate scroll #48
[8771 #2]   29.6s wait #48
[8771 #2]   30.1s evaluate scroll #49
[8771 #2]   30.1s wait #49
[8771 #2]   30.6s evaluate scroll #50
[8771 #2]   30.7s wait #50
[8771 #2]   31.2s evaluate scroll #51
[8771 #2]   31.2s wait #51
[8771 #2]   31.7s evaluate scroll #52
[8771 #2]   31.8s wait #52
[8771 #2]   32[8772 #2]    0.0s session 01M43GAZ5N8G5SFST3BQT4GMYJ
[8772 #2]    0.2s liveview opened
[8772 #2] viewer_requested {'ua': 'Mozilla/5.0 (iPhone; CPU iPhone OS 18_7 like Mac OS X) AppleWebKit/605.1.15 (KHTML, like Gecko) Version/26.5 Mobile/15E1'}
[8772 #2] viewer_page_loaded {'sincePageStartMs': 69, 'userAgent': 'Mozilla/5.0 (iPhone; CPU iPhone OS 18_7 like Mac OS X) AppleWebKit/605.1.15 (KHTML, like Gecko) Version/26.5 Mobile/15E148 Safari/604.1', 'secureContext': True}
[8772 #2] viewer_authenticated {'sincePageStartMs': 508}
[8772 #2]    1.0s cdp connected
[8772 #2]    1.0s goto
[8772 #2] viewer_connected {'sincePageStartMs': 835}
[8772 #2] viewer_first_frame {'sincePageStartMs': 1614}
[8772 #2]    4.5s loaded
[8772 #2]    4.5s evaluate scroll #1
[8772 #2]    4.7s wait #1
[8772 #2]    5.2s evaluate scroll #2
[8772 #2]    5.4s wait #2
[8772 #2]    5.9s evaluate scroll #3
[8772 #2]    6.0s wait #3
[8772 #2]    6.5s evaluate scroll #4
[8772 #2]    8.1s wait #4
[8772 #2]    8.6s evaluate scroll #5
[8772 #2]    8.6s wait #5
[8772 #2]    9.1s evaluate scroll #6
[8772 #2]    9.2s wait #6
[8772 #2]    9.7s evaluate scroll #7
[8772 #2]    9.7s wait #7
[8772 #2]   10.2s evaluate scroll #8
[8772 #2]   10.2s wait #8
[8772 #2]   10.7s evaluate scroll #9
[8772 #2]   10.8s wait #9
[8772 #2]   11.3s evaluate scroll #10
[8772 #2]   11.3s wait #10
[8772 #2]   11.8s evaluate scroll #11
[8772 #2]   11.9s wait #11
[8772 #2]   12.4s evaluate scroll #12
[8772 #2]   12.4s wait #12
[8772 #2]   12.9s evaluate scroll #13
[8772 #2]   13.0s wait #13
[8772 #2]   13.5s evaluate scroll #14
[8772 #2]   13.6s wait #14
[8772 #2]   14.1s evaluate scroll #15
[8772 #2]   14.2s wait #15
[8772 #2]   14.7s evaluate scroll #16
[8772 #2]   14.7s wait #16
[8772 #2]   15.2s evaluate scroll #17
[8772 #2]   15.3s wait #17
[8772 #2]   15.8s evaluate scroll #18
[8772 #2]   15.8s wait #18
[8772 #2]   16.3s evaluate scroll #19
[8772 #2]   16.3s wait #19
[8772 #2]   16.8s evaluate scroll #20
[8772 #2]   16.9s wait #20
[8772 #2]   17.4s evaluate scroll #21
[8772 #2]   17.4s wait #21
[8772 #2]   17.9s evaluate scroll #22
[8772 #2]   18.0s wait #22
[8772 #2]   18.5s evaluate scroll #23
[8772 #2]   18.5s wait #23
[8772 #2]   19.0s evaluate scroll #24
[8772 #2]   19.1s wait #24
[8772 #2]   19.6s evaluate scroll #25
[8772 #2]   19.6s wait #25
[8772 #2]   20.1s evaluate scroll #26
[8772 #2]   20.2s wait #26
[8772 #2]   20.7s evaluate scroll #27
[8772 #2]   20.7s wait #27
[8772 #2]   21.2s evaluate scroll #28
[8772 #2]   21.3s wait #28
[8772 #2]   21.8s evaluate scroll #29
[8772 #2]   21.8s wait #29
[8772 #2]   22.3s evaluate scroll #30
[8772 #2]   22.4s wait #30
[8772 #2]   22.9s evaluate scroll #31
[8772 #2]   22.9s wait #31
[8772 #2]   23.4s evaluate scroll #32
[8772 #2]   23.4s wait #32
[8772 #2]   23.9s evaluate scroll #33
[8772 #2]   24.0s wait #33
[8772 #2]   24.5s evaluate scroll #34
[8772 #2]   24.6s wait #34
[8772 #2]   25.1s evaluate scroll #35
[8772 #2]   25.2s wait #35
[8772 #2]   25.7s evaluate scroll #36
[8772 #2]   25.7s wait #36
[8772 #2]   26.2s evaluate scroll #37
[8772 #2]   26.3s wait #37
[8772 #2]   26.8s evaluate scroll #38
[8772 #2]   26.8s wait #38
[8772 #2]   27.3s evaluate scroll #39
[8772 #2]   27.4s wait #39
[8772 #2]   27.9s evaluate scroll #40
[8772 #2]   27.9s wait #40
[8772 #2]   28.4s evaluate scroll #41
[8772 #2]   28.4s wait #41
[8772 #2]   28.9s evaluate scroll #42
[8772 #2]   29.0s wait #42
[8772 #2]   29.5s evaluate scroll #43
[8772 #2]   29.5s wait #43
[8772 #2]   30.0s evaluate scroll #44
[8772 #2]   30.1s wait #44
[8772 #2]   30.6s evaluate scroll #45
[8772 #2]   30.6s wait #45
[8772 #2]   31.1s evaluate scroll #46
[8772 #2]   31.2s wait #46
[8772 #2]   31.7s evaluate scroll #47
[8772 #2]   31.7s wait #47
[8772 #2]   32.2s evaluate scroll #48
[8772 #2]   32.3s wait #48
[8772 #2]   32.8s evaluate scroll #49
[8772 #2]   32.8s wait #49
[8772 #2]   33.3s evaluate scroll #50
[8772 #2]   33.4s wait #50
[8772 #2]   33.9s evaluate scroll #51
[8772 #2]   33.9s wait #51
[8772 #2]   34.4s evaluate scroll #52
[8772 #2]   34.4s wait #52
[8772 #2]   35.0s evaluate scroll #53
[8772 #2]   35.0s wait #53
[8772 #2]   35.5s evaluate scroll #54
[8772 #2]   35.6s wait #54
[8772 #2]   36.1s evaluate scroll #55
[8772 #2]   36.2s wait #55
[8772 #2]   36.7s evaluate scroll #56
[8772 #2]   36.7s wait #56
[8772 #2]   37.2s evaluate scroll #57
[8772 #2]   37.3s wait #57
[8772 #2]   37.8s evaluate scroll #58
[8772 #2]   37.8s wait #58
[8772 #2]   38.3s evaluate scroll #59
[8772 #2]   38.4s wait #59
[8772 #2]   38.9s evaluate scroll #60
[8772 #2]   38.9s wait #60
[8772 #2]   39.4s evaluate scroll #61
[8772 #2]   39.5s wait #61
[8772 #2]   40.0s evaluate scroll #62
[8772 #2]   40.0s wait #62
[8772 #2]   40.5s evaluate scroll #63
[8772 #2]   40.6s wait #63
[8772 #2]   41.1s evaluate scroll #64
[8772 #2]   41.1s wait #64
[8772 #2]   41.6s evaluate scroll #65
[8772 #2]   41.7s wait #65
[8772 #2]   42.2s evaluate scroll #66
[8772 #2]   42.2s wait #66
[8772 #2]   42.7s evaluate scroll #67
[8772 #2]   42.7s wait #67
[8772 #2]   43.2s evaluate scroll #68
[8772 #2]   43.3s wait #68
[8772 #2]   43.8s evaluate scroll #69
[8772 #2]   43.8s wait #69
[8772 #2]   44.3s evaluate scroll #70
[8772 #2]   44.4s wait #70
[8772 #2]   44.9s evaluate scroll #71
[8772 #2]   44.9s wait #71
[8772 #2]   45.4s evaluate scroll #72
[8772 #2]   45.5s wait #72
[8772 #2]   46.0s evaluate scroll #73
[8772 #2]   46.1s wait #73
[8772 #2]   46.6s evaluate scroll #74
[8772 #2]   46.7s wait #74
[8772 #2]   47.2s evaluate scroll #75
[8772 #2]   47.2s wait #75
[8772 #2]   47.7s evaluate scroll #76
[8772 #2]   47.8s wait #76
[8772 #2]   48.3s evaluate scroll #77
[8772 #2]   48.3s wait #77
[8772 #2]   48.8s evaluate scroll #78
[8772 #2]   48.8s wait #78
[8772 #2]   49.3s evaluate scroll #79
[8772 #2]   49.4s wait #79
[8772 #2]   49.9s evaluate scroll #80
[8772 #2]   49.9s wait #80
[8772 #2]   50.4s evaluate scroll #81
[8772 #2]   50.5s wait #81
[8772 #2]   51.0s evaluate scroll #82
[8772 #2]   51.0s wait #82
[8772 #2]   51.5s evaluate scroll #83
[8772 #2]   51.6s wait #83
[8772 #2]   52.1s evaluate scroll #84
[8772 #2]   52.1s wait #84
[8772 #2]   52.6s evaluate scroll #85
[8772 #2]   52.7s wait #85
[8772 #2]   53.2s evaluate scroll #86
[8772 #2]   53.2s wait #86
[8772 #2]   53.7s evaluate scroll #87
[8772 #2]   53.8s wait #87
[8772 #2]   54.3s evaluate scroll #88
[8772 #2]   54.3s wait #88
[8772 #2]   54.8s evaluate scroll #89
[8772 #2]   54.8s wait #89
[8772 #2]   55.4s evaluate scroll #90
[8772 #2]   55.4s wait #90
[8772 #2]   55.9s evaluate scroll #91
[8772 #2]   55.9s wait #91
[8772 #2]   56.4s evaluate scroll #92
[8772 #2]   56.5s wait #92
[8772 #2]   57.0s evaluate scroll #93
[8772 #2]   57.1s wait #93
[8772 #2]   57.6s evaluate scroll #94
[8772 #2]   57.7s wait #94
[8772 #2]   58.2s evaluate scroll #95
[8772 #2]   58.2s wait #95
[8772 #2]   58.7s evaluate scroll #96
[8772 #2]   58.8s wait #96
[8772 #2]   59.3s evaluate scroll #97
[8772 #2]   59.3s wait #97
[8772 #2]   59.8s evaluate scroll #98
[8772 #2]   59.9s wait #98
[8772 #2] RESULT OK 01M43GAZ5N8G5SFST3BQT4GMYJ 
.3s evaluate scroll #53
[8771 #2]   32.4s wait #53
[8771 #2]   32.9s evaluate scroll #54
[8771 #2]   33.0s wait #54
[8771 #2]   33.5s evaluate scroll #55
[8771 #2]   33.5s wait #55
[8771 #2]   34.0s evaluate scroll #56
[8771 #2]   34.1s wait #56
[8771 #2]   34.6s evaluate scroll #57
[8771 #2]   34.6s wait #57
[8771 #2]   35.1s evaluate scroll #58
[8771 #2]   35.2s wait #58
[8771 #2]   35.7s evaluate scroll #59
[8771 #2]   35.7s wait #59
[8771 #2]   36.2s evaluate scroll #60
[8771 #2]   36.3s wait #60
[8771 #2]   36.8s evaluate scroll #61
[8771 #2]   36.8s wait #61
[8771 #2]   37.3s evaluate scroll #62
[8771 #2]   37.3s wait #62
[8771 #2]   37.8s evaluate scroll #63
[8771 #2]   37.9s wait #63
[8771 #2]   38.4s evaluate scroll #64
[8771 #2]   38.4s wait #64
[8771 #2]   38.9s evaluate scroll #65
[8771 #2]   39.0s wait #65
[8771 #2]   39.5s evaluate scroll #66
[8771 #2]   39.5s wait #66
[8771 #2]   40.0s evaluate scroll #67
[8771 #2]   40.1s wait #67
[8771 #2]   40.6s evaluate scroll #68
[8771 #2]   40.6s wait #68
[8771 #2]   41.1s evaluate scroll #69
[8771 #2]   41.2s wait #69
[8771 #2]   41.7s evaluate scroll #70
[8771 #2]   41.7s wait #70
[8771 #2]   42.2s evaluate scroll #71
[8771 #2]   42.4s wait #71
[8771 #2]   42.9s evaluate scroll #72
[8771 #2]   42.9s wait #72
[8771 #2]   43.4s evaluate scroll #73
[8771 #2]   43.5s wait #73
[8771 #2]   44.0s evaluate scroll #74
[8771 #2]   44.0s wait #74
[8771 #2]   44.5s evaluate scroll #75
[8771 #2]   44.6s wait #75
[8771 #2]   45.1s evaluate scroll #76
[8771 #2]   45.1s wait #76
[8771 #2]   45.6s evaluate scroll #77
[8771 #2]   45.7s wait #77
[8771 #2]   46.2s evaluate scroll #78
[8771 #2]   46.2s wait #78
[8771 #2]   46.7s evaluate scroll #79
[8771 #2]   46.8s wait #79
[8771 #2]   47.3s evaluate scroll #80
[8771 #2]   47.3s wait #80
[8771 #2]   47.8s evaluate scroll #81
[8771 #2]   47.8s wait #81
[8771 #2]   48.4s evaluate scroll #82
[8771 #2]   48.4s wait #82
[8771 #2]   48.9s evaluate scroll #83
[8771 #2]   48.9s wait #83
[8771 #2]   49.4s evaluate scroll #84
[8771 #2]   49.5s wait #84
[8771 #2]   50.0s evaluate scroll #85
[8771 #2]   50.0s wait #85
[8771 #2]   50.5s evaluate scroll #86
[8771 #2]   50.6s wait #86
[8771 #2]   51.1s evaluate scroll #87
[8771 #2]   51.1s wait #87
[8771 #2]   51.6s evaluate scroll #88
[8771 #2]   51.7s wait #88
[8771 #2]   52.2s evaluate scroll #89
[8771 #2]   52.2s wait #89
[8771 #2]   52.8s evaluate scroll #90
[8771 #2]   52.9s wait #90
[8771 #2]   53.4s evaluate scroll #91
[8771 #2]   53.4s wait #91
[8771 #2]   53.9s evaluate scroll #92
[8771 #2]   54.0s wait #92
[8771 #2]   54.5s evaluate scroll #93
[8771 #2]   54.5s wait #93
[8771 #2]   55.0s evaluate scroll #94
[8771 #2]   55.1s wait #94
[8771 #2]   55.6s evaluate scroll #95
[8771 #2]   55.6s wait #95
[8771 #2]   56.1s evaluate scroll #96
[8771 #2]   56.2s wait #96
[8771 #2]   56.7s evaluate scroll #97
[8771 #2]   56.7s wait #97
[8771 #2]   57.2s evaluate scroll #98
[8771 #2]   57.3s wait #98
[8771 #2]   57.8s evaluate scroll #99
[8771 #2]   57.8s wait #99
[8771 #2]   58.3s evaluate scroll #100
[8771 #2]   58.4s wait #100
[8771 #2]   58.9s evaluate scroll #101
[8771 #2]   58.9s wait #101
[8771 #2]   59.4s evaluate scroll #102
[8771 #2]   59.5s wait #102
[8771 #2]   60.0s evaluate scroll #103
[8771 #2]   60.0s wait #103
[8771 #2] RESULT OK 01M43GAZ5PG42VBQKXV2A1A5T0 
[8771 #3]    0.0s session 01M43GCWQ5F6SHVHPWZWSFF3ND
[8771 #3]    0.2s liveview opened
[8771 #3] viewer_requested {'ua': 'Mozilla/5.0 (iPhone; CPU iPhone OS 18_7 like Mac OS X) AppleWebKit/605.1.15 (KHTML, like Gecko) Version/26.5 Mobile/15E1'}
[8771 #3] viewer_page_loaded {'sincePageStartMs': 48, 'userAgent': 'Mozilla/5.0 (iPhone; CPU iPhone OS 18_7 like Mac OS X) AppleWebKit/605.1.15 (KHTML, like Gecko) Version/26.5 Mobile/15E148 Safari/604.1', 'secureContext': True}
[8771 #3] viewer_authenticated {'sincePageStartMs': 543}
[8771 #3]    0.9s cdp connected
[8771 #3]    0.9s goto
[8771 #3] viewer_connected {'sincePageStartMs': 880}
[8771 #3] viewer_first_frame {'sincePageStartMs': 1871}
[8771 #3]    2.8s loaded
[8771 #3]    2.8s evaluate scroll #1
[8771 #3]    3.2s wait #1
[8771 #3]    3.7s evaluate scroll #2
[8771 #3]    3.7s wait #2
[8771 #3]    4.2s evaluate scroll #3
[8771 #3]    4.4s wait #3
[8771 #3]    4.9s evaluate scroll #4
[8771 #3]    5.0s wait #4
[8771 #3]    5.5s evaluate scroll #5
[8771 #3]    5.5s wait #5
[8771 #3]    6.0s evaluate scroll #6
[8771 #3]    7.5s wait #6
[8771 #3]    8.0s evaluate scroll #7
[8771 #3]    8.1s wait #7
[8771 #3]    8.6s evaluate scroll #8
[8771 #3]    8.6s wait #8
[8771 #3]    9.1s evaluate scroll #9
[8771 #3]    9.2s wait #9
[8771 #3]    9.7s evaluate scroll #10
[8771 #3]    9.7s wait #10
[8771 #3]   10.2s evaluate scroll #11
[8771 #3]   10.3s wait #11
[8771 #3]   10.8s evaluate scroll #12
[8771 #3]   10.8s wait #12
[8771 #3]   11.3s evaluate scroll #13
[8771 #3]   11.3s wait #13
[8771 #3]   11.8s evaluate scroll #14
[8771 #3]   11.9s wait #14
[8771 #3]   12.4s evaluate scroll #15
[8771 #3]   12.4s wait #15
[8771 #3]   12.9s evaluate scroll #16
[8771 #3]   13.0s wait #16
[8771 #3]   13.5s evaluate scroll #17
[8771 #3]   13.5s wait #17
[8771 #3]   14.0s evaluate scroll #18
[8771 #3]   14.1s wait #18
[8771 #3]   14.6s evaluate scroll #19
[8771 #3]   14.6s wait #19
[8771 #3]   15.1s evaluate scroll #20
[8771 #3]   15.2s wait #20
[8771 #3]   15.7s evaluate scroll #21
[8771 #3]   15.7s wait #21
[8771 #3]   16.2s evaluate scroll #22
[8771 #3]   16.2s wait #22
[8771 #3]   16.7s evaluate scroll #23
[8771 #3]   16.8s wait #23
[8771 #3]   17.3s evaluate scroll #24
[8771 #3]   17.3s wait #24
[8771 #3]   17.8s evaluate scroll #25
[8771 #3]   17.9s wait #25
[8771 #3]   18.4s evaluate scroll #26
[8771 #3]   18.4s wait #26
[8771 #3]   18.9s evaluate scroll #27
[8771 #3]   19.0s wait #27
[8771 #3]   19.5s evaluate scroll #28
[8771 #3]   19.6s wait #28
[8771 #3]   20.1s evaluate scroll #29
[8771 #3]   20.1s wait #29
[8771 #3]   20.6s evaluate scroll #30
[8771 #3]   20.7s wait #30
[8771 #3]   21.2s evaluate scroll #31
[8771 #3]   21.2s wait #31
[8771 #3]   21.7s evaluate scroll #32
[8771 #3]   21.8s wait #32
[8771 #3]   22.3s evaluate scroll #33
[8771 #3]   22.3s wait #33
[8771 #3]   22.8s evaluate scroll #34
[8771 #3]   22.9s wait #34
[8771 #3]   23.4s evaluate scroll #35
[8771 #3]   23.4s wait #35
[8771 #3]   23.9s evaluate scroll #36
[8771 #3]   24.0s wait #36
[8771 #3]   24.5s evaluate scroll #37
[8771 #3]   24.5s wait #37
[8771 #3]   25.0s evaluate scroll #38
[8771 #3]   25.0s wait #38
[8771 #3]   25.5s evaluate scroll #39
[8771 #3]   25.6s wait #39
[8771 #3]   26.1s evaluate scroll #40
[8771 #3]   26.1s wait #40
[8771 #3]   26.6s evaluate scroll #41
[8771 #3]   26.7s wait #41
[8771 #3]   27.2s evaluate scroll #42
[8771 #3]   27.2s wait #42
[8771 #3]   27.7s evaluate scroll #43
[8771 #3]   27.8s wait #43
[8771 #3]   28.3s evaluate scroll #44
[8771 #3]   28.3s wait #44
[8771 #3]   28.8s evaluate scroll #45
[8771 #3]   28.9s wait #45
[8771 #3]   29.4s evaluate scroll #46
[8771 #3]   29.4s wait #46
[8771 #3]   29.9s evaluate scroll #47
[8771 #3]   29.9s wait #47
[8771 #3]   30.4s evaluate scroll #48
[8771 #3]   30.5s wait #48
[8771 #3]   31.0s evaluate scroll #49
[8771 #3]   31.1s wait #49
[8771 #3]   31.6s evaluate scroll #50
[8771 #3]   31.7s wait #50
[8771 #3]   32.2s evaluate scroll #51
[8771 #3]   32.2s wait #51
[8771 #3]   32.7s evaluate scroll #52
[8771 #3]   32.7s wait #52
[8771 #3]   33[8772 #3]    0.0s session 01M43GCWJ3Q96JWXYN6EA8GBVD
[8772 #3]    0.1s liveview opened
[8772 #3] viewer_requested {'ua': 'Mozilla/5.0 (iPhone; CPU iPhone OS 18_7 like Mac OS X) AppleWebKit/605.1.15 (KHTML, like Gecko) Version/26.5 Mobile/15E1'}
[8772 #3] viewer_page_loaded {'sincePageStartMs': 56, 'userAgent': 'Mozilla/5.0 (iPhone; CPU iPhone OS 18_7 like Mac OS X) AppleWebKit/605.1.15 (KHTML, like Gecko) Version/26.5 Mobile/15E148 Safari/604.1', 'secureContext': True}
[8772 #3] viewer_authenticated {'sincePageStartMs': 541}
[8772 #3]    0.7s cdp connected
[8772 #3]    0.7s goto
[8772 #3] viewer_connected {'sincePageStartMs': 925}
[8772 #3] viewer_first_frame {'sincePageStartMs': 1695}
[8772 #3]    2.5s loaded
[8772 #3]    2.5s evaluate scroll #1
[8772 #3]    3.0s wait #1
[8772 #3]    3.5s evaluate scroll #2
[8772 #3]    3.5s wait #2
[8772 #3]    4.0s evaluate scroll #3
[8772 #3]    4.3s wait #3
[8772 #3]    4.8s evaluate scroll #4
[8772 #3]    4.8s wait #4
[8772 #3]    5.3s evaluate scroll #5
[8772 #3]    5.4s wait #5
[8772 #3]    5.9s evaluate scroll #6
[8772 #3]    8.3s wait #6
[8772 #3]    8.8s evaluate scroll #7
[8772 #3]    8.8s wait #7
[8772 #3]    9.3s evaluate scroll #8
[8772 #3]    9.4s wait #8
[8772 #3]    9.9s evaluate scroll #9
[8772 #3]   10.0s wait #9
[8772 #3]   10.5s evaluate scroll #10
[8772 #3]   10.5s wait #10
[8772 #3]   11.1s evaluate scroll #11
[8772 #3]   11.1s wait #11
[8772 #3]   11.6s evaluate scroll #12
[8772 #3]   11.6s wait #12
[8772 #3]   12.1s evaluate scroll #13
[8772 #3]   12.2s wait #13
[8772 #3]   12.7s evaluate scroll #14
[8772 #3]   12.7s wait #14
[8772 #3]   13.2s evaluate scroll #15
[8772 #3]   13.3s wait #15
[8772 #3]   13.8s evaluate scroll #16
[8772 #3]   13.8s wait #16
[8772 #3]   14.3s evaluate scroll #17
[8772 #3]   14.4s wait #17
[8772 #3]   14.9s evaluate scroll #18
[8772 #3]   14.9s wait #18
[8772 #3]   15.4s evaluate scroll #19
[8772 #3]   15.5s wait #19
[8772 #3]   16.0s evaluate scroll #20
[8772 #3]   16.0s wait #20
[8772 #3]   16.5s evaluate scroll #21
[8772 #3]   16.5s wait #21
[8772 #3]   17.0s evaluate scroll #22
[8772 #3]   17.1s wait #22
[8772 #3]   17.6s evaluate scroll #23
[8772 #3]   17.7s wait #23
[8772 #3]   18.2s evaluate scroll #24
[8772 #3]   18.2s wait #24
[8772 #3]   18.7s evaluate scroll #25
[8772 #3]   18.7s wait #25
[8772 #3]   19.2s evaluate scroll #26
[8772 #3]   19.3s wait #26
[8772 #3]   19.8s evaluate scroll #27
[8772 #3]   19.8s wait #27
[8772 #3]   20.3s evaluate scroll #28
[8772 #3]   20.5s wait #28
[8772 #3]   21.0s evaluate scroll #29
[8772 #3]   21.0s wait #29
[8772 #3]   21.5s evaluate scroll #30
[8772 #3]   21.6s wait #30
[8772 #3]   22.1s evaluate scroll #31
[8772 #3]   22.1s wait #31
[8772 #3]   22.6s evaluate scroll #32
[8772 #3]   22.6s wait #32
[8772 #3]   23.1s evaluate scroll #33
[8772 #3]   23.2s wait #33
[8772 #3]   23.7s evaluate scroll #34
[8772 #3]   23.7s wait #34
[8772 #3]   24.2s evaluate scroll #35
[8772 #3]   24.3s wait #35
[8772 #3]   24.8s evaluate scroll #36
[8772 #3]   24.8s wait #36
[8772 #3]   25.3s evaluate scroll #37
[8772 #3]   25.4s wait #37
[8772 #3]   25.9s evaluate scroll #38
[8772 #3]   25.9s wait #38
[8772 #3]   26.4s evaluate scroll #39
[8772 #3]   26.5s wait #39
[8772 #3]   27.0s evaluate scroll #40
[8772 #3]   27.0s wait #40
[8772 #3]   27.5s evaluate scroll #41
[8772 #3]   27.6s wait #41
[8772 #3]   28.1s evaluate scroll #42
[8772 #3]   28.1s wait #42
[8772 #3]   28.6s evaluate scroll #43
[8772 #3]   28.6s wait #43
[8772 #3]   29.1s evaluate scroll #44
[8772 #3]   29.2s wait #44
[8772 #3]   29.7s evaluate scroll #45
[8772 #3]   29.7s wait #45
[8772 #3]   30.2s evaluate scroll #46
[8772 #3]   30.3s wait #46
[8772 #3]   30.8s evaluate scroll #47
[8772 #3]   30.8s wait #47
[8772 #3]   31.3s evaluate scroll #48
[8772 #3]   31.4s wait #48
[8772 #3]   31.9s evaluate scroll #49
[8772 #3]   32.0s wait #49
[8772 #3]   32.5s evaluate scroll #50
[8772 #3]   32.5s wait #50
[8772 #3]   33.0s evaluate scroll #51
[8772 #3]   33.1s wait #51
[8772 #3]   33.6s evaluate scroll #52
[8772 #3]   33.7s wait #52
[8772 #3]   34.2s evaluate scroll #53
[8771 #3]   33.3s wait #53
[8771 #3]   33.8s evaluate scroll #54
[8771 #3]   33.8s wait #54
[8771 #3]   34.3s evaluate scroll #55
[8771 #3]   34.4s wait #55
[8771 #3]   34.9s evaluate scroll #56
[8771 #3]   34.9s wait #56
[8771 #3]   35.4s evaluate scroll #57
[8771 #3]   35.5s wait #57
[8771 #3]   36.0s evaluate scroll #58
[8771 #3]   36.0s wait #58
[8771 #3]   36.5s evaluate scroll #59
[8771 #3]   36.6s wait #59
[8771 #3]   37.1s evaluate scroll #60
[8771 #3]   37.1s wait #60
[8771 #3]   37.6s evaluate scroll #61
[8771 #3]   37.6s wait #61
[8771 #3]   38.1s evaluate scroll #62
[8771 #3]   38.2s wait #62
[8771 #3]   38.7s evaluate scroll #63
[8771 #3]   38.7s wait #63
[8771 #3]   39.2s evaluate scroll #64
[8771 #3]   39.3s wait #64
[8771 #3]   39.8s evaluate scroll #65
[8771 #3]   39.8s wait #65
[8771 #3]   40.3s evaluate scroll #66
[8771 #3]   40.4s wait #66
[8771 #3]   40.9s evaluate scroll #67
[8771 #3]   40.9s wait #67
[8771 #3]   41.4s evaluate scroll #68
[8771 #3]   41.5s wait #68
[8771 #3]   42.0s evaluate scroll #69
[8771 #3]   42.0s wait #69
[8771 #3]   42.5s evaluate scroll #70
[8771 #3]   42.6s wait #70
[8771 #3]   43.1s evaluate scroll #71
[8771 #3]   43.2s wait #71
[8771 #3]   43.7s evaluate scroll #72
[8771 #3]   43.7s wait #72
[8771 #3]   44.2s evaluate scroll #73
[8771 #3]   44.3s wait #73
[8771 #3]   44.8s evaluate scroll #74
[8771 #3]   44.8s wait #74
[8771 #3]   45.3s evaluate scroll #75
[8771 #3]   45.4s wait #75
[8771 #3]   45.9s evaluate scroll #76
[8771 #3]   45.9s wait #76
[8771 #3]   46.4s evaluate scroll #77
[8771 #3]   46.5s wait #77
[8771 #3]   47.0s evaluate scroll #78
[8771 #3]   47.0s wait #78
[8771 #3]   47.5s evaluate scroll #79
[8771 #3]   47.5s wait #79
[8771 #3]   48.0s evaluate scroll #80
[8771 #3]   48.1s wait #80
[8771 #3]   48.6s evaluate scroll #81
[8771 #3]   48.6s wait #81
[8771 #3]   49.1s evaluate scroll #82
[8771 #3]   49.2s wait #82
[8771 #3]   49.7s evaluate scroll #83
[8771 #3]   49.7s wait #83
[8771 #3]   50.2s evaluate scroll #84
[8771 #3]   50.3s wait #84
[8771 #3]   50.8s evaluate scroll #85
[8771 #3]   50.8s wait #85
[8771 #3]   51.3s evaluate scroll #86
[8771 #3]   51.4s wait #86
[8771 #3]   51.9s evaluate scroll #87
[8771 #3]   51.9s wait #87
[8771 #3]   52.4s evaluate scroll #88
[8771 #3]   52.4s wait #88
[8771 #3]   52.9s evaluate scroll #89
[8771 #3]   53.0s wait #89
[8771 #3]   53.5s evaluate scroll #90
[8771 #3]   53.5s wait #90
[8771 #3]   54.0s evaluate scroll #91
[8771 #3]   54.2s wait #91
[8771 #3]   54.7s evaluate scroll #92
[8771 #3]   54.7s wait #92
[8771 #3]   55.2s evaluate scroll #93
[8771 #3]   55.3s wait #93
[8771 #3]   55.8s evaluate scroll #94
[8771 #3]   55.8s wait #94
[8771 #3]   56.3s evaluate scroll #95
[8771 #3]   56.4s wait #95
[8771 #3]   56.9s evaluate scroll #96
[8771 #3]   56.9s wait #96
[8771 #3]   57.4s evaluate scroll #97
[8771 #3]   57.5s wait #97
[8771 #3]   58.0s evaluate scroll #98
[8771 #3]   58.0s wait #98
[8771 #3]   58.5s evaluate scroll #99
[8771 #3]   58.5s wait #99
[8771 #3]   59.1s evaluate scroll #100
[8771 #3]   59.1s wait #100
[8771 #3]   59.6s evaluate scroll #101
[8771 #3]   59.7s wait #101
[8771 #3] RESULT OK 01M43GCWQ5F6SHVHPWZWSFF3ND 
.2s evaluate scroll #53
[8772 #3]   34.2s wait #53
[8772 #3]   34.7s evaluate scroll #54
[8772 #3]   34.7s wait #54
[8772 #3]   35.2s evaluate scroll #55
[8772 #3]   35.3s wait #55
[8772 #3]   35.8s evaluate scroll #56
[8772 #3]   35.8s wait #56
[8772 #3]   36.3s evaluate scroll #57
[8772 #3]   36.4s wait #57
[8772 #3]   36.9s evaluate scroll #58
[8772 #3]   36.9s wait #58
[8772 #3]   37.4s evaluate scroll #59
[8772 #3]   37.5s wait #59
[8772 #3]   38.0s evaluate scroll #60
[8772 #3]   38.0s wait #60
[8772 #3]   38.5s evaluate scroll #61
[8772 #3]   38.6s wait #61
[8772 #3]   39.1s evaluate scroll #62
[8772 #3]   39.1s wait #62
[8772 #3]   39.6s evaluate scroll #63
[8772 #3]   39.6s wait #63
[8772 #3]   40.2s evaluate scroll #64
[8772 #3]   40.2s wait #64
[8772 #3]   40.7s evaluate scroll #65
[8772 #3]   40.7s wait #65
[8772 #3]   41.2s evaluate scroll #66
[8772 #3]   41.3s wait #66
[8772 #3]   41.8s evaluate scroll #67
[8772 #3]   41.8s wait #67
[8772 #3]   42.3s evaluate scroll #68
[8772 #3]   42.4s wait #68
[8772 #3]   42.9s evaluate scroll #69
[8772 #3]   43.0s wait #69
[8772 #3]   43.5s evaluate scroll #70
[8772 #3]   43.6s wait #70
[8772 #3]   44.1s evaluate scroll #71
[8772 #3]   44.1s wait #71
[8772 #3]   44.6s evaluate scroll #72
[8772 #3]   44.7s wait #72
[8772 #3]   45.2s evaluate scroll #73
[8772 #3]   45.2s wait #73
[8772 #3]   45.7s evaluate scroll #74
[8772 #3]   45.8s wait #74
[8772 #3]   46.3s evaluate scroll #75
[8772 #3]   46.3s wait #75
[8772 #3]   46.8s evaluate scroll #76
[8772 #3]   46.8s wait #76
[8772 #3]   47.3s evaluate scroll #77
[8772 #3]   47.4s wait #77
[8772 #3]   47.9s evaluate scroll #78
[8772 #3]   47.9s wait #78
[8772 #3]   48.4s evaluate scroll #79
[8772 #3]   48.5s wait #79
[8772 #3]   49.0s evaluate scroll #80
[8772 #3]   49.0s wait #80
[8772 #3]   49.5s evaluate scroll #81
[8772 #3]   49.6s wait #81
[8772 #3]   50.1s evaluate scroll #82
[8772 #3]   50.1s wait #82
[8772 #3]   50.6s evaluate scroll #83
[8772 #3]   50.7s wait #83
[8772 #3]   51.2s evaluate scroll #84
[8772 #3]   51.2s wait #84
[8772 #3]   51.7s evaluate scroll #85
[8772 #3]   51.7s wait #85
[8772 #3]   52.2s evaluate scroll #86
[8772 #3]   52.3s wait #86
[8772 #3]   52.8s evaluate scroll #87
[8772 #3]   52.8s wait #87
[8772 #3]   53.3s evaluate scroll #88
[8772 #3]   53.4s wait #88
[8772 #3]   53.9s evaluate scroll #89
[8772 #3]   54.0s wait #89
[8772 #3]   54.5s evaluate scroll #90
[8772 #3]   54.6s wait #90
[8772 #3]   55.1s evaluate scroll #91
[8772 #3]   55.1s wait #91
[8772 #3]   55.6s evaluate scroll #92
[8772 #3]   55.7s wait #92
[8772 #3]   56.2s evaluate scroll #93
[8772 #3]   56.2s wait #93
[8772 #3]   56.7s evaluate scroll #94
[8772 #3]   56.8s wait #94
[8772 #3]   57.3s evaluate scroll #95
[8772 #3]   57.3s wait #95
[8772 #3]   57.8s evaluate scroll #96
[8772 #3]   57.8s wait #96
[8772 #3]   58.3s evaluate scroll #97
[8772 #3]   58.4s wait #97
[8772 #3]   58.9s evaluate scroll #98
[8772 #3]   58.9s wait #98
[8772 #3]   59.4s evaluate scroll #99
[8772 #3]   59.5s wait #99
[8772 #3]   60.0s evaluate scroll #100
[8772 #3]   60.0s wait #100
[8772 #3] RESULT OK 01M43GCWJ3Q96JWXYN6EA8GBVD 
[8772 #4]    0.0s session 01M43GESY3C4KDSV0Z5WF843ZS
[8772 #4]    0.1s liveview opened
[8772 #4] viewer_requested {'ua': 'Mozilla/5.0 (iPhone; CPU iPhone OS 18_7 like Mac OS X) AppleWebKit/605.1.15 (KHTML, like Gecko) Version/26.5 Mobile/15E1'}
[8772 #4] viewer_page_loaded {'sincePageStartMs': 57, 'userAgent': 'Mozilla/5.0 (iPhone; CPU iPhone OS 18_7 like Mac OS X) AppleWebKit/605.1.15 (KHTML, like Gecko) Version/26.5 Mobile/15E148 Safari/604.1', 'secureContext': True}
[8772 #4] viewer_authenticated {'sincePageStartMs': 454}
[8772 #4]    0.8s cdp connected
[8772 #4]    0.8s goto
[8772 #4] viewer_connected {'sincePageStartMs': 875}
[8772 #4] viewer_first_frame {'sincePageStartMs': 1802}
[8772 #4]    2.5s loaded
[8772 #4]    2.5s evaluate scroll #1
[8772 #4]    2.6s wait #1
[8772 #4]    3.1s evaluate scroll #2
[8772 #4]    3.4s wait #2
[8772 #4]    3.9s evaluate scroll #3
[8772 #4]    4.2s wait #3
[8772 #4]    4.7s evaluate scroll #4
[8772 #4]    4.7s wait #4
[8772 #4]    5.2s evaluate scroll #5
[8772 #4]    5.3s wait #5
[8772 #4]    5.8s evaluate scroll #6
[8772 #4]    7.2s wait #6
[8772 #4]    7.7s evaluate scroll #7
[8772 #4]    7.7s wait #7
[8772 #4]    8.2s evaluate scroll #8
[8772 #4]    8.3s wait #8
[8772 #4]    8.8s evaluate scroll #9
[8772 #4]    8.8s wait #9
[8772 #4]    9.3s evaluate scroll #10
[8772 #4]    9.4s wait #10
[8772 #4]    9.9s evaluate scroll #11
[8772 #4]    9.9s wait #11
[8772 #4]   10.4s evaluate scroll #12
[8772 #4]   10.5s wait #12
[8772 #4]   11.0s evaluate scroll #13
[8772 #4]   11.0s wait #13
[8772 #4]   11.5s evaluate scroll #14
[8772 #4]   11.6s wait #14
[8772 #4]   12.1s evaluate scroll #15
[8772 #4]   12.1s wait #15
[8772 #4]   12.6s evaluate scroll #16
[8772 #4]   12.7s wait #16
[8772 #4]   13.2s evaluate scroll #17
[8772 #4]   13.2s wait #17
[8772 #4]   13.7s evaluate scroll #18
[8772 #4]   13.8s wait #18
[8772 #4]   14.3s evaluate scroll #19
[8772 #4]   14.4s wait #19
[8772 #4]   14.9s evaluate scroll #20
[8772 #4]   14.9s wait #20
[8772 #4]   15.4s evaluate scroll #21
[8772 #4]   15.5s wait #21
[8772 #4]   16.0s evaluate scroll #22
[8772 #4]   16.0s wait #22
[8772 #4]   16.5s evaluate scroll #23
[8772 #4]   16.6s wait #23
[8772 #4]   17.1s evaluate scroll #24
[8772 #4]   17.1s wait #24
[8772 #4]   17.6s evaluate scroll #25
[8772 #4]   17.7s wait #25
[8772 #4]   18.2s evaluate scroll #26
[8772 #4]   18.2s wait #26
[8772 #4]   18.7s evaluate scroll #27
[8772 #4]   18.8s wait #27
[8772 #4]   19.3s evaluate scroll #28
[8772 #4]   19.3s wait #28
[8772 #4]   19.8s evaluate scroll #29
[8772 #4]   19.9s wait #29
[8772 #4]   20.4s evaluate scroll #30
[8772 #4]   20.4s wait #30
[8772 #4]   20.9s evaluate scroll #31
[8772 #4]   21.0s wait #31
[8772 #4]   21.5s evaluate scroll #32
[8772 #4]   21.5s wait #32
[8772 #4]   22.0s evaluate scroll #33
[8772 #4]   22.1s wait #33
[8772 #4]   22.6s evaluate scroll #34
[8772 #4]   22.6s wait #34
[8772 #4]   23.1s evaluate scroll #35
[8772 #4]   23.2s wait #35
[8772 #4]   23.7s evaluate scroll #36
[8772 #4]   23.7s wait #36
[8772 #4]   24.2s evaluate scroll #37
[8772 #4]   24.3s wait #37
[8772 #4]   24.8s evaluate scroll #38
[8772 #4]   24.9s wait #38
[8772 #4]   25.4s evaluate scroll #39
[8772 #4]   25.4s wait #39
[8772 #4]   25.9s evaluate scroll #40
[8772 #4]   26.0s wait #40
[8772 #4]   26.5s evaluate scroll #41
[8772 #4]   26.5s wait #41
[8772 #4]   27.0s evaluate scroll #42
[8772 #4]   27.1s wait #42
[8772 #4]   27.6s evaluate scroll #43
[8772 #4]   27.6s wait #43
[8772 #4]   28.1s evaluate scroll #44
[8772 #4]   28.2s wait #44
[8772 #4]   28.7s evaluate scroll #45
[8772 #4]   28.7s wait #45
[8772 #4]   29.2s evaluate scroll #46
[8772 #4]   29.3s wait #46
[8772 #4]   29.8s evaluate scroll #47
[8772 #4]   29.8s wait #47
[8772 #4]   30.3s evaluate scroll #48
[8772 #4]   30.4s wait #48
[8772 #4]   30.9s evaluate scroll #49
[8772 #4]   30.9s wait #49
[8772 #4]   31.4s evaluate scroll #50
[8772 #4]   31.5s wait #50
[8772 #4]   32.0s evaluate scroll #51
[8772 #4]   32.0s wait #51
[8772 #4]   32.5s evaluate scroll #52
[8772 #4]   32.6s wait #52
[8772 #4]   33[8771 #4]    0.0s session 01M43GESKYCRW7XG0RVCXKTZHV
[8771 #4]    0.2s liveview opened
[8771 #4] viewer_requested {'ua': 'Mozilla/5.0 (iPhone; CPU iPhone OS 18_7 like Mac OS X) AppleWebKit/605.1.15 (KHTML, like Gecko) Version/26.5 Mobile/15E1'}
[8771 #4] viewer_page_loaded {'sincePageStartMs': 47, 'userAgent': 'Mozilla/5.0 (iPhone; CPU iPhone OS 18_7 like Mac OS X) AppleWebKit/605.1.15 (KHTML, like Gecko) Version/26.5 Mobile/15E148 Safari/604.1', 'secureContext': True}
[8771 #4] viewer_authenticated {'sincePageStartMs': 534}
[8771 #4]    0.9s cdp connected
[8771 #4]    0.9s goto
[8771 #4] viewer_connected {'sincePageStartMs': 955}
[8771 #4] viewer_first_frame {'sincePageStartMs': 1864}
[8771 #4]    2.6s loaded
[8771 #4]    2.6s evaluate scroll #1
[8771 #4]    2.7s wait #1
[8771 #4]    3.2s evaluate scroll #2
[8771 #4]    3.4s wait #2
[8771 #4]    3.9s evaluate scroll #3
[8771 #4]    4.2s wait #3
[8771 #4]    4.7s evaluate scroll #4
[8771 #4]    4.8s wait #4
[8771 #4]    5.3s evaluate scroll #5
[8771 #4]    5.3s wait #5
[8771 #4]    5.8s evaluate scroll #6
[8771 #4]    7.5s wait #6
[8771 #4]    8.0s evaluate scroll #7
[8771 #4]    8.1s wait #7
[8771 #4]    8.6s evaluate scroll #8
[8771 #4]    8.6s wait #8
[8771 #4]    9.1s evaluate scroll #9
[8771 #4]    9.3s wait #9
[8771 #4]    9.8s evaluate scroll #10
[8771 #4]    9.8s wait #10
[8771 #4]   10.3s evaluate scroll #11
[8771 #4]   10.4s wait #11
[8771 #4]   10.9s evaluate scroll #12
[8771 #4]   10.9s wait #12
[8771 #4]   11.4s evaluate scroll #13
[8771 #4]   11.5s wait #13
[8771 #4]   12.0s evaluate scroll #14
[8771 #4]   12.0s wait #14
[8771 #4]   12.5s evaluate scroll #15
[8771 #4]   12.6s wait #15
[8771 #4]   13.1s evaluate scroll #16
[8771 #4]   13.1s wait #16
[8771 #4]   13.6s evaluate scroll #17
[8771 #4]   13.7s wait #17
[8771 #4]   14.2s evaluate scroll #18
[8771 #4]   14.2s wait #18
[8771 #4]   14.7s evaluate scroll #19
[8771 #4]   14.8s wait #19
[8771 #4]   15.3s evaluate scroll #20
[8771 #4]   15.3s wait #20
[8771 #4]   15.8s evaluate scroll #21
[8771 #4]   15.9s wait #21
[8771 #4]   16.4s evaluate scroll #22
[8771 #4]   16.4s wait #22
[8771 #4]   16.9s evaluate scroll #23
[8771 #4]   17.0s wait #23
[8771 #4]   17.5s evaluate scroll #24
[8771 #4]   17.5s wait #24
[8771 #4]   18.0s evaluate scroll #25
[8771 #4]   18.0s wait #25
[8771 #4]   18.5s evaluate scroll #26
[8771 #4]   18.6s wait #26
[8771 #4]   19.1s evaluate scroll #27
[8771 #4]   19.2s wait #27
[8771 #4]   19.7s evaluate scroll #28
[8771 #4]   19.8s wait #28
[8771 #4]   20.3s evaluate scroll #29
[8771 #4]   20.3s wait #29
[8771 #4]   20.8s evaluate scroll #30
[8771 #4]   20.9s wait #30
[8771 #4]   21.4s evaluate scroll #31
[8771 #4]   21.4s wait #31
[8771 #4]   21.9s evaluate scroll #32
[8771 #4]   22.0s wait #32
[8771 #4]   22.5s evaluate scroll #33
[8771 #4]   22.5s wait #33
[8771 #4]   23.0s evaluate scroll #34
[8771 #4]   23.1s wait #34
[8771 #4]   23.6s evaluate scroll #35
[8771 #4]   23.6s wait #35
[8771 #4]   24.1s evaluate scroll #36
[8771 #4]   24.2s wait #36
[8771 #4]   24.7s evaluate scroll #37
[8771 #4]   24.7s wait #37
[8771 #4]   25.2s evaluate scroll #38
[8771 #4]   25.3s wait #38
[8771 #4]   25.8s evaluate scroll #39
[8771 #4]   25.8s wait #39
[8771 #4]   26.3s evaluate scroll #40
[8771 #4]   26.4s wait #40
[8771 #4]   26.9s evaluate scroll #41
[8771 #4]   26.9s wait #41
[8771 #4]   27.4s evaluate scroll #42
[8771 #4]   27.5s wait #42
[8771 #4]   28.0s evaluate scroll #43
[8771 #4]   28.0s wait #43
[8771 #4]   28.5s evaluate scroll #44
[8771 #4]   28.6s wait #44
[8771 #4]   29.1s evaluate scroll #45
[8771 #4]   29.2s wait #45
[8771 #4]   29.7s evaluate scroll #46
[8771 #4]   29.7s wait #46
[8771 #4]   30.2s evaluate scroll #47
[8771 #4]   30.3s wait #47
[8771 #4]   30.8s evaluate scroll #48
[8771 #4]   30.8s wait #48
[8771 #4]   31.3s evaluate scroll #49
[8771 #4]   31.4s wait #49
[8771 #4]   31.9s evaluate scroll #50
[8771 #4]   31.9s wait #50
[8771 #4]   32.4s evaluate scroll #51
[8771 #4]   32.5s wait #51
[8771 #4]   33.0s evaluate scroll #52
[8771 #4]   33.0s wait #52
[8771 #4]   33.5s evaluate scroll #53
[8771 #4]   33.6s wait #53
[8771 #4]   34.1s evaluate scroll #54
[8771 #4]   34.1s wait #54
[8771 #4]   34.6s evaluate scroll #55
[8771 #4]   34.7s wait #55
[8771 #4]   35.2s evaluate scroll #56
[8771 #4]   35.2s wait #56
[8771 #4]   35.7s evaluate scroll #57
[8771 #4]   35.8s wait #57
[8771 #4]   36.3s evaluate scroll #58
[8771 #4]   36.3s wait #58
[8771 #4]   36.8s evaluate scroll #59
[8771 #4]   36.9s wait #59
[8771 #4]   37.4s evaluate scroll #60
[8771 #4]   37.4s wait #60
[8771 #4]   37.9s evaluate scroll #61
[8771 #4]   38.0s wait #61
[8771 #4]   38.5s evaluate scroll #62
[8771 #4]   38.5s wait #62
[8771 #4]   39.0s evaluate scroll #63
[8771 #4]   39.1s wait #63
[8771 #4]   39.6s evaluate scroll #64
[8771 #4]   39.7s wait #64
[8771 #4]   40.2s evaluate scroll #65
[8771 #4]   40.3s wait #65
[8771 #4]   40.8s evaluate scroll #66
[8771 #4]   40.8s wait #66
[8771 #4]   41.3s evaluate scroll #67
[8771 #4]   41.4s wait #67
[8771 #4]   41.9s evaluate scroll #68
[8771 #4]   41.9s wait #68
[8771 #4]   42.4s evaluate scroll #69
[8771 #4]   42.4s wait #69
[8771 #4]   42.9s evaluate scroll #70
[8771 #4]   43.0s wait #70
[8771 #4]   43.5s evaluate scroll #71
[8771 #4]   43.5s wait #71
[8771 #4]   44.0s evaluate scroll #72
[8771 #4]   44.1s wait #72
[8771 #4]   44.6s evaluate scroll #73
[8771 #4]   44.6s wait #73
[8771 #4]   45.1s evaluate scroll #74
[8771 #4]   45.2s wait #74
[8771 #4]   45.7s evaluate scroll #75
[8771 #4]   45.7s wait #75
[8771 #4]   46.2s evaluate scroll #76
[8771 #4]   46.3s wait #76
[8771 #4]   46.8s evaluate scroll #77
[8771 #4]   46.8s wait #77
[8771 #4]   47.3s evaluate scroll #78
[8771 #4]   47.4s wait #78
[8771 #4]   47.9s evaluate scroll #79
[8771 #4]   47.9s wait #79
[8771 #4]   48.4s evaluate scroll #80
[8771 #4]   48.5s wait #80
[8771 #4]   49.0s evaluate scroll #81
[8771 #4]   49.1s wait #81
[8771 #4]   49.6s evaluate scroll #82
[8771 #4]   49.7s wait #82
[8771 #4]   50.2s evaluate scroll #83
[8771 #4]   50.2s wait #83
[8771 #4]   50.7s evaluate scroll #84
[8771 #4]   50.8s wait #84
[8771 #4]   51.3s evaluate scroll #85
[8771 #4]   51.3s wait #85
[8771 #4]   51.8s evaluate scroll #86
[8771 #4]   51.9s wait #86
[8771 #4]   52.4s evaluate scroll #87
[8771 #4]   52.4s wait #87
[8771 #4]   52.9s evaluate scroll #88
[8771 #4]   53.0s wait #88
[8771 #4]   53.5s evaluate scroll #89
[8771 #4]   53.5s wait #89
[8771 #4]   54.0s evaluate scroll #90
[8771 #4]   54.1s wait #90
[8771 #4]   54.6s evaluate scroll #91
[8771 #4]   54.6s wait #91
[8771 #4]   55.1s evaluate scroll #92
[8771 #4]   55.2s wait #92
[8771 #4]   55.7s evaluate scroll #93
[8771 #4]   55.7s wait #93
[8771 #4]   56.2s evaluate scroll #94
[8771 #4]   56.3s wait #94
[8771 #4]   56.8s evaluate scroll #95
[8771 #4]   56.8s wait #95
[8771 #4]   57.3s evaluate scroll #96
[8771 #4]   57.4s wait #96
[8771 #4]   57.9s evaluate scroll #97
[8771 #4]   57.9s wait #97
[8771 #4]   58.4s evaluate scroll #98
[8771 #4]   58.5s wait #98
[8771 #4]   59.0s evaluate scroll #99
[8771 #4]   59.1s wait #99
[8771 #4]   59.6s evaluate scroll #100
[8771 #4]   59.7s wait #100
[8771 #4] RESULT OK 01M43GESKYCRW7XG0RVCXKTZHV 
.1s evaluate scroll #53
[8772 #4]   33.1s wait #53
[8772 #4]   33.6s evaluate scroll #54
[8772 #4]   33.7s wait #54
[8772 #4]   34.2s evaluate scroll #55
[8772 #4]   34.3s wait #55
[8772 #4]   34.8s evaluate scroll #56
[8772 #4]   34.9s wait #56
[8772 #4]   35.4s evaluate scroll #57
[8772 #4]   35.4s wait #57
[8772 #4]   35.9s evaluate scroll #58
[8772 #4]   36.0s wait #58
[8772 #4]   36.5s evaluate scroll #59
[8772 #4]   36.5s wait #59
[8772 #4]   37.0s evaluate scroll #60
[8772 #4]   37.1s wait #60
[8772 #4]   37.6s evaluate scroll #61
[8772 #4]   37.6s wait #61
[8772 #4]   38.1s evaluate scroll #62
[8772 #4]   38.2s wait #62
[8772 #4]   38.7s evaluate scroll #63
[8772 #4]   38.7s wait #63
[8772 #4]   39.2s evaluate scroll #64
[8772 #4]   39.3s wait #64
[8772 #4]   39.8s evaluate scroll #65
[8772 #4]   39.8s wait #65
[8772 #4]   40.3s evaluate scroll #66
[8772 #4]   40.3s wait #66
[8772 #4]   40.8s evaluate scroll #67
[8772 #4]   40.9s wait #67
[8772 #4]   41.4s evaluate scroll #68
[8772 #4]   41.4s wait #68
[8772 #4]   42.0s evaluate scroll #69
[8772 #4]   42.0s wait #69
[8772 #4]   42.5s evaluate scroll #70
[8772 #4]   42.5s wait #70
[8772 #4]   43.0s evaluate scroll #71
[8772 #4]   43.1s wait #71
[8772 #4]   43.6s evaluate scroll #72
[8772 #4]   43.7s wait #72
[8772 #4]   44.2s evaluate scroll #73
[8772 #4]   44.3s wait #73
[8772 #4]   44.8s evaluate scroll #74
[8772 #4]   44.8s wait #74
[8772 #4]   45.3s evaluate scroll #75
[8772 #4]   45.4s wait #75
[8772 #4]   45.9s evaluate scroll #76
[8772 #4]   45.9s wait #76
[8772 #4]   46.4s evaluate scroll #77
[8772 #4]   46.5s wait #77
[8772 #4]   47.0s evaluate scroll #78
[8772 #4]   47.0s wait #78
[8772 #4]   47.5s evaluate scroll #79
[8772 #4]   47.6s wait #79
[8772 #4]   48.1s evaluate scroll #80
[8772 #4]   48.1s wait #80
[8772 #4]   48.6s evaluate scroll #81
[8772 #4]   48.7s wait #81
[8772 #4]   49.2s evaluate scroll #82
[8772 #4]   49.2s wait #82
[8772 #4]   49.7s evaluate scroll #83
[8772 #4]   49.8s wait #83
[8772 #4]   50.3s evaluate scroll #84
[8772 #4]   50.3s wait #84
[8772 #4]   50.8s evaluate scroll #85
[8772 #4]   50.9s wait #85
[8772 #4]   51.4s evaluate scroll #86
[8772 #4]   51.4s wait #86
[8772 #4]   51.9s evaluate scroll #87
[8772 #4]   52.0s wait #87
[8772 #4]   52.5s evaluate scroll #88
[8772 #4]   52.5s wait #88
[8772 #4]   53.0s evaluate scroll #89
[8772 #4]   53.1s wait #89
[8772 #4]   53.6s evaluate scroll #90
[8772 #4]   53.7s wait #90
[8772 #4]   54.2s evaluate scroll #91
[8772 #4]   54.3s wait #91
[8772 #4]   54.8s evaluate scroll #92
[8772 #4]   54.8s wait #92
[8772 #4]   55.3s evaluate scroll #93
[8772 #4]   55.4s wait #93
[8772 #4]   55.9s evaluate scroll #94
[8772 #4]   55.9s wait #94
[8772 #4]   56.4s evaluate scroll #95
[8772 #4]   56.5s wait #95
[8772 #4]   57.0s evaluate scroll #96
[8772 #4]   57.0s wait #96
[8772 #4]   57.5s evaluate scroll #97
[8772 #4]   57.5s wait #97
[8772 #4]   58.0s evaluate scroll #98
[8772 #4]   58.1s wait #98
[8772 #4]   58.6s evaluate scroll #99
[8772 #4]   58.6s wait #99
[8772 #4]   59.1s evaluate scroll #100
[8772 #4]   59.2s wait #100
[8772 #4]   59.7s evaluate scroll #101
[8772 #4]   59.7s wait #101
[8772 #4] RESULT OK 01M43GESY3C4KDSV0Z5WF843ZS 
[8772 #5]    0.0s session 01M43GGPXAPBMWT73PWWEHRPAF
[8772 #5]    0.2s liveview opened
[8772 #5] viewer_requested {'ua': 'Mozilla/5.0 (iPhone; CPU iPhone OS 18_7 like Mac OS X) AppleWebKit/605.1.15 (KHTML, like Gecko) Version/26.5 Mobile/15E1'}
[8772 #5] viewer_page_loaded {'sincePageStartMs': 67, 'userAgent': 'Mozilla/5.0 (iPhone; CPU iPhone OS 18_7 like Mac OS X) AppleWebKit/605.1.15 (KHTML, like Gecko) Version/26.5 Mobile/15E148 Safari/604.1', 'secureContext': True}
[8772 #5] viewer_authenticated {'sincePageStartMs': 601}
[8772 #5]    0.9s cdp connected
[8772 #5]    0.9s goto
[8772 #5] viewer_connected {'sincePageStartMs': 936}
[8772 #5] viewer_first_frame {'sincePageStartMs': 1922}
[8772 #5]    2.7s loaded
[8772 #5]    2.7s evaluate scroll #1
[8772 #5]    2.9s wait #1
[8772 #5]    3.4s evaluate scroll #2
[8772 #5]    3.6s wait #2
[8772 #5]    4.1s evaluate scroll #3
[8772 #5]    4.1s wait #3
[8772 #5]    4.6s evaluate scroll #4
[8772 #5]    4.7s wait #4
[8772 #5]    5.2s evaluate scroll #5
[8772 #5]    5.2s wait #5
[8772 #5]    5.7s evaluate scroll #6
[8772 #5]    5.8s wait #6
[8772 #5]    6.3s evaluate scroll #7
[8772 #5]    7.3s wait #7
[8772 #5]    7.8s evaluate scroll #8
[8772 #5]    7.9s wait #8
[8772 #5]    8.4s evaluate scroll #9
[8772 #5]    8.4s wait #9
[8772 #5]    8.9s evaluate scroll #10
[8772 #5]    9.0s wait #10
[8772 #5]    9.5s evaluate scroll #11
[8772 #5]    9.5s wait #11
[8772 #5]   10.0s evaluate scroll #12
[8772 #5]   10.1s wait #12
[8772 #5]   10.6s evaluate scroll #13
[8772 #5]   10.6s wait #13
[8772 #5]   11.1s evaluate scroll #14
[8772 #5]   11.2s wait #14
[8772 #5]   11.7s evaluate scroll #15
[8772 #5]   11.8s wait #15
[8772 #5]   12.3s evaluate scroll #16
[8772 #5]   12.4s wait #16
[8772 #5]   12.9s evaluate scroll #17
[8772 #5]   12.9s wait #17
[8772 #5]   13.4s evaluate scroll #18
[8772 #5]   13.5s wait #18
[8772 #5]   14.0s evaluate scroll #19
[8772 #5]   14.0s wait #19
[8772 #5]   14.5s evaluate scroll #20
[8772 #5]   14.6s wait #20
[8772 #5]   15.1s evaluate scroll #21
[8772 #5]   15.1s wait #21
[8772 #5]   15.6s evaluate scroll #22
[8772 #5]   15.7s wait #22
[8772 #5]   16.2s evaluate scroll #23
[8772 #5]   16.2s wait #23
[8772 #5]   16.7s evaluate scroll #24
[8772 #5]   16.8s wait #24
[8772 #5]   17.3s evaluate scroll #25
[8772 #5]   17.3s wait #25
[8772 #5]   17.8s evaluate scroll #26
[8772 #5]   17.9s wait #26
[8772 #5]   18.4s evaluate scroll #27
[8772 #5]   18.4s wait #27
[8772 #5]   18.9s evaluate scroll #28
[8772 #5]   19.0s wait #28
[8772 #5]   19.5s evaluate scroll #29
[8772 #5]   19.5s wait #29
[8772 #5]   20.0s evaluate scroll #30
[8772 #5]   20.1s wait #30
[8772 #5]   20.6s evaluate scroll #31
[8772 #5]   20.6s wait #31
[8772 #5]   21.1s evaluate scroll #32
[8772 #5]   21.2s wait #32
[8772 #5]   21.7s evaluate scroll #33
[8772 #5]   21.8s wait #33
[8772 #5]   22.3s evaluate scroll #34
[8772 #5]   22.4s wait #34
[8772 #5]   22.9s evaluate scroll #35
[8772 #5]   22.9s wait #35
[8772 #5]   23.4s evaluate scroll #36
[8772 #5]   23.5s wait #36
[8772 #5]   24.0s evaluate scroll #37
[8772 #5]   24.0s wait #37
[8772 #5]   24.5s evaluate scroll #38
[8772 #5]   24.6s wait #38
[8772 #5]   25.1s evaluate scroll #39
[8772 #5]   25.1s wait #39
[8772 #5]   25.6s evaluate scroll #40
[8772 #5]   25.7s wait #40
[8772 #5]   26.2s evaluate scroll #41
[8772 #5]   26.2s wait #41
[8772 #5]   26.7s evaluate scroll #42
[8772 #5]   26.8s wait #42
[8772 #5]   27.3s evaluate scroll #43
[8772 #5]   27.3s wait #43
[8772 #5]   27.8s evaluate scroll #44
[8772 #5]   27.9s wait #44
[8772 #5]   28.4s evaluate scroll #45
[8772 #5]   28.4s wait #45
[8772 #5]   28.9s evaluate scroll #46
[8772 #5]   28.9s wait #46
[8772 #5]   29.4s evaluate scroll #47
[8772 #5]   29.5s wait #47
[8772 #5]   30.0s evaluate scroll #48
[8772 #5]   30.0s wait #48
[8772 #5]   30.5s evaluate scroll #49
[8772 #5]   30.7s wait #49
[8772 #5]   31.2s evaluate scroll #50
[8772 #5]   31.2s wait #50
[8772 #5]   31.7s evaluate scroll #51
[8772 #5]   31.8s wait #51
[8772 #5]   32.3s evaluate scroll #52
[8772 #5]   32.3s wait #52
[8772 #5]   32[8771 #5]    0.0s session 01M43GGPYDG6CWA1NNTJEDDFHR
[8771 #5]    0.2s liveview opened
[8771 #5] viewer_requested {'ua': 'Mozilla/5.0 (iPhone; CPU iPhone OS 18_7 like Mac OS X) AppleWebKit/605.1.15 (KHTML, like Gecko) Version/26.5 Mobile/15E1'}
[8771 #5] viewer_page_loaded {'sincePageStartMs': 68, 'userAgent': 'Mozilla/5.0 (iPhone; CPU iPhone OS 18_7 like Mac OS X) AppleWebKit/605.1.15 (KHTML, like Gecko) Version/26.5 Mobile/15E148 Safari/604.1', 'secureContext': True}
[8771 #5] viewer_authenticated {'sincePageStartMs': 601}
[8771 #5]    0.9s cdp connected
[8771 #5]    0.9s goto
[8771 #5] viewer_connected {'sincePageStartMs': 947}
[8771 #5] viewer_first_frame {'sincePageStartMs': 1908}
[8771 #5]    2.7s loaded
[8771 #5]    2.7s evaluate scroll #1
[8771 #5]    2.9s wait #1
[8771 #5]    3.4s evaluate scroll #2
[8771 #5]    3.6s wait #2
[8771 #5]    4.1s evaluate scroll #3
[8771 #5]    4.5s wait #3
[8771 #5]    5.0s evaluate scroll #4
[8771 #5]    5.1s wait #4
[8771 #5]    5.6s evaluate scroll #5
[8771 #5]    5.6s wait #5
[8771 #5]    6.1s evaluate scroll #6
[8771 #5]    9.1s wait #6
[8771 #5]    9.6s evaluate scroll #7
[8771 #5]    9.6s wait #7
[8771 #5]   10.1s evaluate scroll #8
[8771 #5]   10.2s wait #8
[8771 #5]   10.7s evaluate scroll #9
[8771 #5]   10.8s wait #9
[8771 #5]   11.3s evaluate scroll #10
[8771 #5]   11.3s wait #10
[8771 #5]   11.8s evaluate scroll #11
[8771 #5]   11.9s wait #11
[8771 #5]   12.4s evaluate scroll #12
[8771 #5]   12.4s wait #12
[8771 #5]   12.9s evaluate scroll #13
[8771 #5]   13.0s wait #13
[8771 #5]   13.5s evaluate scroll #14
[8771 #5]   13.5s wait #14
[8771 #5]   14.0s evaluate scroll #15
[8771 #5]   14.1s wait #15
[8771 #5]   14.6s evaluate scroll #16
[8771 #5]   14.6s wait #16
[8771 #5]   15.1s evaluate scroll #17
[8771 #5]   15.2s wait #17
[8771 #5]   15.7s evaluate scroll #18
[8771 #5]   15.7s wait #18
[8771 #5]   16.2s evaluate scroll #19
[8771 #5]   16.3s wait #19
[8771 #5]   16.8s evaluate scroll #20
[8771 #5]   16.8s wait #20
[8771 #5]   17.3s evaluate scroll #21
[8771 #5]   17.4s wait #21
[8771 #5]   17.9s evaluate scroll #22
[8771 #5]   17.9s wait #22
[8771 #5]   18.4s evaluate scroll #23
[8771 #5]   18.5s wait #23
[8771 #5]   19.0s evaluate scroll #24
[8771 #5]   19.0s wait #24
[8771 #5]   19.5s evaluate scroll #25
[8771 #5]   19.6s wait #25
[8771 #5]   20.1s evaluate scroll #26
[8771 #5]   20.1s wait #26
[8771 #5]   20.6s evaluate scroll #27
[8771 #5]   20.7s wait #27
[8771 #5]   21.2s evaluate scroll #28
[8771 #5]   21.3s wait #28
[8771 #5]   21.8s evaluate scroll #29
[8771 #5]   21.9s wait #29
[8771 #5]   22.4s evaluate scroll #30
[8771 #5]   22.4s wait #30
[8771 #5]   22.9s evaluate scroll #31
[8771 #5]   23.0s wait #31
[8771 #5]   23.5s evaluate scroll #32
[8771 #5]   23.5s wait #32
[8771 #5]   24.0s evaluate scroll #33
[8771 #5]   24.0s wait #33
[8771 #5]   24.6s evaluate scroll #34
[8771 #5]   24.6s wait #34
[8771 #5]   25.1s evaluate scroll #35
[8771 #5]   25.1s wait #35
[8771 #5]   25.6s evaluate scroll #36
[8771 #5]   25.7s wait #36
[8771 #5]   26.2s evaluate scroll #37
[8771 #5]   26.2s wait #37
[8771 #5]   26.7s evaluate scroll #38
[8771 #5]   26.8s wait #38
[8771 #5]   27.3s evaluate scroll #39
[8771 #5]   27.3s wait #39
[8771 #5]   27.8s evaluate scroll #40
[8771 #5]   27.9s wait #40
[8771 #5]   28.4s evaluate scroll #41
[8771 #5]   28.4s wait #41
[8771 #5]   28.9s evaluate scroll #42
[8771 #5]   29.0s wait #42
[8771 #5]   29.5s evaluate scroll #43
[8771 #5]   29.5s wait #43
[8771 #5]   30.0s evaluate scroll #44
[8771 #5]   30.1s wait #44
[8771 #5]   30.6s evaluate scroll #45
[8771 #5]   30.7s wait #45
[8771 #5]   31.2s evaluate scroll #46
[8771 #5]   31.3s wait #46
[8771 #5]   31.8s evaluate scroll #47
[8771 #5]   31.8s wait #47
[8771 #5]   32.3s evaluate scroll #48
[8771 #5]   32.4s wait #48
[8771 #5]   32.9s evaluate scroll #49
[8771 #5]   32.9s wait #49
[8771 #5]   33.4s evaluate scroll #50
[8771 #5]   33.5s wait #50
[8771 #5]   34.0s evaluate scroll #51
[8771 #5]   34.0s wait #51
[8771 #5]   34.5s evaluate scroll #52
[8771 #5]   34.6s wait #52
[8771 #5]   35