[8772 #1]    0.0s session 01M43K1B7HTMPCDX9QVAE1YH6G browser wp6_viewport-M5wOn5rphr
[8772 #1]    0.3s liveview opened
[8772 #1]    2.4s cdp connected
[8772 #1]    2.4s goto
[8772 #1] viewer_requested {'ua': 'Mozilla/5.0 (iPhone; CPU iPhone OS 18_7 like Mac OS X) AppleWebKit/605.1.15 (KHTML, like Gecko) Version/26.5 Mobile/15E1'}
[8772 #1]    4.4s loaded
[8772 #1]    4.4s evaluate scroll #1
[8772 #1] viewer_page_loaded {'sincePageStartMs': 2290, 'userAgent': 'Mozilla/5.0 (iPhone; CPU iPhone OS 18_7 like Mac OS X) AppleWebKit/605.1.15 (KHTML, like Gecko) Version/26.5 Mobile/15E148 Safari/604.1', 'secureContext': True}
[8772 #1]    4.9s wait #1
[8772 #1]    5.4s evaluate scroll #2
[8772 #1] viewer_authenticated {'sincePageStartMs': 2979}
[8772 #1]    5.7s wait #2
[8772 #1] viewer_connected {'sincePageStartMs': 3531}
[8772 #1]    6.2s evaluate scroll #3
[8772 #1]    6.3s wait #3
[8772 #1]    6.8s evaluate scroll #4
[8772 #1]    7.0s wait #4
[8772 #1] viewer_first_frame {'sincePageStartMs': 4842}
[8772 #1]    7.5s evaluate scroll #5
[8772 #1]    7.9s wait #5
[8772 #1]    8.4s evaluate scroll #6
[8772 #1]    8.7s wait #6
[8772 #1]    9.2s evaluate scroll #7
[8772 #1]    9.3s wait #7
[8772 #1]    9.9s evaluate scroll #8
[8772 #1]   10.0s wait #8
[8772 #1]   10.5s evaluate scroll #9
[8772 #1]   10.6s wait #9
[8772 #1]   11.1s evaluate scroll #10
[8772 #1]   11.2s wait #10
[8772 #1]   11.7s evaluate scroll #11
[8772 #1]   11.9s wait #11
[8772 #1]   12.4s evaluate scroll #12
[8772 #1]   12.5s wait #12
[8772 #1]   13.0s evaluate scroll #13
[8772 #1]   13.2s wait #13
[8772 #1]   13.7s evaluate scroll #14
[8772 #1]   13.8s wait #14
[8772 #1]   14.3s evaluate scroll #15
[8772 #1]   14.4s wait #15
[8772 #1]   14.9s evaluate scroll #16
[8772 #1]   15.0s wait #16
[8772 #1]   15.5s evaluate scroll #17
[8772 #1]   15.7s wait #17
[8772 #1]   16.2s evaluate scroll #18
[8772 #1]   16.3s wait #18
[8772 #1]   16.8s evaluate scroll #19
[8772 #1]   17.3s wait #19
[8772 #1]   17.8s evaluate scroll #20
[8772 #1]   17.9s wait #20
[8772 #1]   18.4s evaluate scroll #21
[8772 #1]   18.5s wait #21
[8772 #1]   19.0s evaluate scroll #22
[8772 #1]   19.1s wait #22
[8772 #1]   19.6s evaluate scroll #23
[8772 #1]   19.7s wait #23
[8772 #1]   20.2s evaluate scroll #24
[8772 #1]   20.4s wait #24
[8772 #1]   20.9s evaluate scroll #25
[8772 #1]   21.0s wait #25
[8772 #1]   21.5s evaluate scroll #26
[8772 #1]   21.6s wait #26
[8772 #1]   22.1s evaluate scroll #27
[8772 #1]   22.3s wait #27
[8772 #1]   22.8s evaluate scroll #28
[8772 #1]   22.9s wait #28
[8772 #1]   23.4s evaluate scroll #29
[8772 #1]   23.5s wait #29
[8772 #1]   24.0s evaluate scroll #30
[8772 #1]   24.1s wait #30
[8772 #1]   24.6s evaluate scroll #31
[8772 #1]   24.8s wait #31
[8772 #1]   25.3s evaluate scroll #32
[8772 #1]   25.4s wait #32
[8772 #1]   25.9s evaluate scroll #33
[8772 #1]   26.0s wait #33
[8772 #1]   26.5s evaluate scroll #34
[8772 #1]   26.7s wait #34
[8772 #1]   27.2s evaluate scroll #35
[8772 #1]   27.3s wait #35
[8772 #1]   27.8s evaluate scroll #36
[8772 #1]   27.9s wait #36
[8772 #1]   28.4s evaluate scroll #37
[8772 #1]   28.6s wait #37
[8772 #1]   29.1s evaluate scroll #38
[8772 #1]   29.2s wait #38
[8772 #1]   29.7s evaluate scroll #39
[8772 #1]   29.8s wait #39
[8772 #1]   30.3s evaluate scroll #40
[8772 #1]   30.5s wait #40
[8772 #1]   31.0s evaluate scroll #41
[8772 #1]   31.1s wait #41
[8772 #1]   31.6s evaluate scroll #42
[8772 #1]   31.7s wait #42
[8772 #1]   32.2s evaluate scroll #43
[8772 #1]   32.3s wait #43
[8772 #1]   32.8s evaluate scroll #44
[8772 #1]   33.0s wait #44
[8772 #1]   33.5s evaluate scroll #45
[8772 #1]   33.6s wait #45
[8772 #1]   34.1s evaluate scroll #46
[8772 #1]   34.2s wait #46
[8772 #1]   34.7s evaluate scroll #47
[8772 #1]   34.9s wait #47
[8772 #1]   35.4s evaluate scroll #48
[8772 #1]   35.5s wait #48
[8772 #1]   36.0s evaluate scroll #49
[8772 #1]   36.2s wait #49
[8772 #1]   36.7s evaluate scroll #50
[8772 #1]   36.8s wait #50
[8772 #1]   37.3s evaluate scroll #51
[8772 #1]   37.4s wait #51
[8772 #1]   37.9s evaluate scroll #52
[8772[8771 #1]    0.0s session 01M43K1B74NEM3NWY65488Y4HZ browser wp6_viewport-M5wOn5rphr
[8771 #1]    0.2s liveview opened
[8771 #1] viewer_requested {'ua': 'Mozilla/5.0 (iPhone; CPU iPhone OS 18_7 like Mac OS X) AppleWebKit/605.1.15 (KHTML, like Gecko) Version/26.5 Mobile/15E1'}
[8771 #1] viewer_page_loaded {'sincePageStartMs': 165, 'userAgent': 'Mozilla/5.0 (iPhone; CPU iPhone OS 18_7 like Mac OS X) AppleWebKit/605.1.15 (KHTML, like Gecko) Version/26.5 Mobile/15E148 Safari/604.1', 'secureContext': True}
[8771 #1] viewer_authenticated {'sincePageStartMs': 850}
[8771 #1] viewer_connected {'sincePageStartMs': 1304}
[8771 #1]    2.0s cdp connected
[8771 #1]    2.0s goto
[8771 #1] viewer_first_frame {'sincePageStartMs': 2502}
[8771 #1]    6.1s loaded
[8771 #1]    6.1s evaluate scroll #1
[8771 #1]    6.6s wait #1
[8771 #1]    7.1s evaluate scroll #2
[8771 #1]    7.4s wait #2
[8771 #1]    7.9s evaluate scroll #3
[8771 #1]    8.1s wait #3
[8771 #1]    8.6s evaluate scroll #4
[8771 #1]    8.8s wait #4
[8771 #1]    9.3s evaluate scroll #5
[8771 #1]    9.4s wait #5
[8771 #1]    9.9s evaluate scroll #6
[8771 #1]   10.0s wait #6
[8771 #1]   10.5s evaluate scroll #7
[8771 #1]   10.6s wait #7
[8771 #1]   11.1s evaluate scroll #8
[8771 #1]   11.3s wait #8
[8771 #1]   11.8s evaluate scroll #9
[8771 #1]   11.9s wait #9
[8771 #1]   12.4s evaluate scroll #10
[8771 #1]   12.5s wait #10
[8771 #1]   13.0s evaluate scroll #11
[8771 #1]   13.1s wait #11
[8771 #1]   13.6s evaluate scroll #12
[8771 #1]   13.8s wait #12
[8771 #1]   14.3s evaluate scroll #13
[8771 #1]   14.4s wait #13
[8771 #1]   14.9s evaluate scroll #14
[8771 #1]   15.1s wait #14
[8771 #1]   15.6s evaluate scroll #15
[8771 #1]   15.7s wait #15
[8771 #1]   16.2s evaluate scroll #16
[8771 #1]   16.3s wait #16
[8771 #1]   16.8s evaluate scroll #17
[8771 #1]   17.0s wait #17
[8771 #1]   17.5s evaluate scroll #18
[8771 #1]   17.7s wait #18
[8771 #1]   18.2s evaluate scroll #19
[8771 #1]   18.3s wait #19
[8771 #1]   18.8s evaluate scroll #20
[8771 #1]   18.9s wait #20
[8771 #1]   19.4s evaluate scroll #21
[8771 #1]   19.6s wait #21
[8771 #1]   20.1s evaluate scroll #22
[8771 #1]   20.2s wait #22
[8771 #1]   20.7s evaluate scroll #23
[8771 #1]   20.8s wait #23
[8771 #1]   21.3s evaluate scroll #24
[8771 #1]   21.5s wait #24
[8771 #1]   22.0s evaluate scroll #25
[8771 #1]   22.1s wait #25
[8771 #1]   22.6s evaluate scroll #26
[8771 #1]   22.8s wait #26
[8771 #1]   23.3s evaluate scroll #27
[8771 #1]   23.4s wait #27
[8771 #1]   23.9s evaluate scroll #28
[8771 #1]   24.1s wait #28
[8771 #1]   24.6s evaluate scroll #29
[8771 #1]   24.7s wait #29
[8771 #1]   25.2s evaluate scroll #30
[8771 #1]   25.3s wait #30
[8771 #1]   25.8s evaluate scroll #31
[8771 #1]   26.0s wait #31
[8771 #1]   26.5s evaluate scroll #32
[8771 #1]   26.6s wait #32
[8771 #1]   27.1s evaluate scroll #33
[8771 #1]   27.2s wait #33
[8771 #1]   27.7s evaluate scroll #34
[8771 #1]   27.9s wait #34
[8771 #1]   28.4s evaluate scroll #35
[8771 #1]   28.5s wait #35
[8771 #1]   29.0s evaluate scroll #36
[8771 #1]   29.1s wait #36
[8771 #1]   29.6s evaluate scroll #37
[8771 #1]   29.8s wait #37
[8771 #1]   30.3s evaluate scroll #38
[8771 #1]   30.4s wait #38
[8771 #1]   30.9s evaluate scroll #39
[8771 #1]   31.0s wait #39
[8771 #1]   31.5s evaluate scroll #40
[8771 #1]   31.7s wait #40
[8771 #1]   32.2s evaluate scroll #41
[8771 #1]   32.3s wait #41
[8771 #1]   32.8s evaluate scroll #42
[8771 #1]   33.0s wait #42
[8771 #1]   33.5s evaluate scroll #43
[8771 #1]   33.6s wait #43
[8771 #1]   34.1s evaluate scroll #44
[8771 #1]   34.3s wait #44
[8771 #1]   34.8s evaluate scroll #45
[8771 #1]   35.0s wait #45
[8771 #1]   35.5s evaluate scroll #46
[8771 #1]   35.6s wait #46
[8771 #1]   36.1s evaluate scroll #47
[8771 #1]   36.3s wait #47
[8771 #1]   36.8s evaluate scroll #48
[8771 #1]   36.9s wait #48
[8771 #1]   37.4s evaluate scroll #49
[8771 #1]   37.6s wait #49
[8771 #1]   38.1s evaluate scroll #50
[8771 #1]   38.2s wait #50
[8771 #1]   38.7s evaluate scroll #51
[8771 #1]   38.9s wait #51
[8771 #1]   39.4s evaluate scroll #52
[8771 # #1]   38.1s wait #52
[8772 #1]   38.6s evaluate scroll #53
[8772 #1]   38.8s wait #53
[8772 #1]   39.3s evaluate scroll #54
[8772 #1]   39.4s wait #54
[8772 #1]   40.0s evaluate scroll #55
[8772 #1]   40.3s wait #55
[8772 #1]   40.8s evaluate scroll #56
[8772 #1]   40.9s wait #56
[8772 #1]   41.4s evaluate scroll #57
[8772 #1]   41.5s wait #57
[8772 #1]   42.0s evaluate scroll #58
[8772 #1]   42.2s wait #58
[8772 #1]   42.7s evaluate scroll #59
[8772 #1]   42.9s wait #59
[8772 #1]   43.4s evaluate scroll #60
[8772 #1]   43.5s wait #60
[8772 #1]   44.0s evaluate scroll #61
[8772 #1]   44.1s wait #61
[8772 #1]   44.6s evaluate scroll #62
[8772 #1]   44.7s wait #62
[8772 #1]   45.2s evaluate scroll #63
[8772 #1]   45.4s wait #63
[8772 #1]   45.9s evaluate scroll #64
[8772 #1]   46.0s wait #64
[8772 #1]   46.5s evaluate scroll #65
[8772 #1]   46.7s wait #65
[8772 #1]   47.2s evaluate scroll #66
[8772 #1]   47.3s wait #66
[8772 #1]   47.8s evaluate scroll #67
[8772 #1]   48.0s wait #67
[8772 #1]   48.5s evaluate scroll #68
[8772 #1]   48.6s wait #68
[8772 #1]   49.1s evaluate scroll #69
[8772 #1]   49.2s wait #69
[8772 #1]   49.7s evaluate scroll #70
[8772 #1]   49.8s wait #70
[8772 #1]   50.3s evaluate scroll #71
[8772 #1]   50.5s wait #71
[8772 #1]   51.0s evaluate scroll #72
[8772 #1]   51.2s wait #72
[8772 #1]   51.7s evaluate scroll #73
[8772 #1]   51.8s wait #73
[8772 #1]   52.3s evaluate scroll #74
[8772 #1]   52.4s wait #74
[8772 #1]   52.9s evaluate scroll #75
[8772 #1]   53.0s wait #75
[8772 #1]   53.5s evaluate scroll #76
[8772 #1]   53.7s wait #76
[8772 #1]   54.2s evaluate scroll #77
[8772 #1]   54.3s wait #77
[8772 #1]   54.9s evaluate scroll #78
[8772 #1]   55.0s wait #78
[8772 #1]   55.5s evaluate scroll #79
[8772 #1]   55.6s wait #79
[8772 #1]   56.1s evaluate scroll #80
[8772 #1]   56.3s wait #80
[8772 #1]   56.8s evaluate scroll #81
[8772 #1]   56.9s wait #81
[8772 #1]   57.4s evaluate scroll #82
[8772 #1]   57.5s wait #82
[8772 #1]   58.0s evaluate scroll #83
[8772 #1]   58.2s wait #83
[8772 #1]   58.7s evaluate scroll #84
[8772 #1]   59.0s wait #84
[8772 #1]   59.5s evaluate scroll #85
[8772 #1]   59.7s wait #85
[8772 #1] RESULT OK 01M43K1B7HTMPCDX9QVAE1YH6G 
1]   39.7s wait #52
[8771 #1]   40.2s evaluate scroll #53
[8771 #1]   40.5s wait #53
[8771 #1]   41.0s evaluate scroll #54
[8771 #1]   41.1s wait #54
[8771 #1]   41.6s evaluate scroll #55
[8771 #1]   41.8s wait #55
[8771 #1]   42.3s evaluate scroll #56
[8771 #1]   42.5s wait #56
[8771 #1]   43.0s evaluate scroll #57
[8771 #1]   43.1s wait #57
[8771 #1]   43.6s evaluate scroll #58
[8771 #1]   43.8s wait #58
[8771 #1]   44.3s evaluate scroll #59
[8771 #1]   44.4s wait #59
[8771 #1]   44.9s evaluate scroll #60
[8771 #1]   45.1s wait #60
[8771 #1]   45.6s evaluate scroll #61
[8771 #1]   45.7s wait #61
[8771 #1]   46.2s evaluate scroll #62
[8771 #1]   46.3s wait #62
[8771 #1]   46.8s evaluate scroll #63
[8771 #1]   47.0s wait #63
[8771 #1]   47.5s evaluate scroll #64
[8771 #1]   47.7s wait #64
[8771 #1]   48.2s evaluate scroll #65
[8771 #1]   48.3s wait #65
[8771 #1]   48.8s evaluate scroll #66
[8771 #1]   48.9s wait #66
[8771 #1]   49.4s evaluate scroll #67
[8771 #1]   49.5s wait #67
[8771 #1]   50.0s evaluate scroll #68
[8771 #1]   50.2s wait #68
[8771 #1]   50.7s evaluate scroll #69
[8771 #1]   50.8s wait #69
[8771 #1]   51.3s evaluate scroll #70
[8771 #1]   51.5s wait #70
[8771 #1]   52.0s evaluate scroll #71
[8771 #1]   52.2s wait #71
[8771 #1]   52.7s evaluate scroll #72
[8771 #1]   52.8s wait #72
[8771 #1]   53.3s evaluate scroll #73
[8771 #1]   53.4s wait #73
[8771 #1]   53.9s evaluate scroll #74
[8771 #1]   54.0s wait #74
[8771 #1]   54.5s evaluate scroll #75
[8771 #1]   54.6s wait #75
[8771 #1]   55.1s evaluate scroll #76
[8771 #1]   55.3s wait #76
[8771 #1]   55.8s evaluate scroll #77
[8771 #1]   56.0s wait #77
[8771 #1]   56.5s evaluate scroll #78
[8771 #1]   56.6s wait #78
[8771 #1]   57.1s evaluate scroll #79
[8771 #1]   57.2s wait #79
[8771 #1]   57.7s evaluate scroll #80
[8771 #1]   57.8s wait #80
[8771 #1]   58.3s evaluate scroll #81
[8771 #1]   58.5s wait #81
[8771 #1]   59.0s evaluate scroll #82
[8771 #1]   59.1s wait #82
[8771 #1]   59.6s evaluate scroll #83
[8771 #1]   59.8s wait #83
[8771 #1] RESULT OK 01M43K1B74NEM3NWY65488Y4HZ 
[8772 #2]    0.0s session 01M43K38B0N138SRBKKVGGA75V browser wp6_viewport-M5wOn5rphr
[8772 #2]    0.2s liveview opened
[8772 #2] viewer_requested {'ua': 'Mozilla/5.0 (iPhone; CPU iPhone OS 18_7 like Mac OS X) AppleWebKit/605.1.15 (KHTML, like Gecko) Version/26.5 Mobile/15E1'}
[8772 #2] viewer_page_loaded {'sincePageStartMs': 52, 'userAgent': 'Mozilla/5.0 (iPhone; CPU iPhone OS 18_7 like Mac OS X) AppleWebKit/605.1.15 (KHTML, like Gecko) Version/26.5 Mobile/15E148 Safari/604.1', 'secureContext': True}
[8772 #2] viewer_authenticated {'sincePageStartMs': 803}
[8772 #2]    1.5s cdp connected
[8772 #2]    1.5s goto
[8772 #2] viewer_connected {'sincePageStartMs': 1356}
[8772 #2] viewer_first_frame {'sincePageStartMs': 2453}
[8772 #2]    3.3s loaded
[8772 #2]    3.3s evaluate scroll #1
[8772 #2]    3.8s wait #1
[8772 #2]    4.4s evaluate scroll #2
[8772 #2]    4.7s wait #2
[8772 #2]    5.2s evaluate scroll #3
[8772 #2]    5.3s wait #3
[8772 #2]    5.8s evaluate scroll #4
[8772 #2]    5.9s wait #4
[8772 #2]    6.4s evaluate scroll #5
[8772 #2]    7.0s wait #5
[8772 #2]    7.5s evaluate scroll #6
[8772 #2]    7.6s wait #6
[8772 #2]    8.1s evaluate scroll #7
[8772 #2]    8.2s wait #7
[8772 #2]    8.7s evaluate scroll #8
[8772 #2]    8.8s wait #8
[8772 #2]    9.3s evaluate scroll #9
[8772 #2]    9.4s wait #9
[8772 #2]    9.9s evaluate scroll #10
[8772 #2]   10.1s wait #10
[8772 #2]   10.6s evaluate scroll #11
[8772 #2]   10.7s wait #11
[8772 #2]   11.2s evaluate scroll #12
[8772 #2]   11.3s wait #12
[8772 #2]   11.8s evaluate scroll #13
[8772 #2]   12.0s wait #13
[8772 #2]   12.5s evaluate scroll #14
[8772 #2]   12.6s wait #14
[8772 #2]   13.1s evaluate scroll #15
[8772 #2]   13.3s wait #15
[8772 #2]   13.8s evaluate scroll #16
[8772 #2]   13.9s wait #16
[8772 #2]   14.4s evaluate scroll #17
[8772 #2]   14.5s wait #17
[8772 #2]   15.0s evaluate scroll #18
[8772 #2]   15.2s wait #18
[8772 #2]   15.7s evaluate scroll #19
[8772 #2]   15.8s wait #19
[8772 #2]   16.3s evaluate scroll #20
[8772 #2]   16.4s wait #20
[8772 #2]   16.9s evaluate scroll #21
[8772 #2]   17.1s wait #21
[8772 #2]   17.6s evaluate scroll #22
[8772 #2]   17.7s wait #22
[8772 #2]   18.2s evaluate scroll #23
[8772 #2]   18.3s wait #23
[8772 #2]   18.9s evaluate scroll #24
[8772 #2]   19.0s wait #24
[8772 #2]   19.5s evaluate scroll #25
[8772 #2]   19.6s wait #25
[8772 #2]   20.1s evaluate scroll #26
[8772 #2]   20.8s wait #26
[8772 #2]   21.3s evaluate scroll #27
[8772 #2]   21.5s wait #27
[8772 #2]   22.0s evaluate scroll #28
[8772 #2]   22.1s wait #28
[8772 #2]   22.6s evaluate scroll #29
[8772 #2]   22.8s wait #29
[8772 #2]   23.3s evaluate scroll #30
[8772 #2]   23.4s wait #30
[8772 #2]   23.9s evaluate scroll #31
[8772 #2]   24.1s wait #31
[8772 #2]   24.6s evaluate scroll #32
[8772 #2]   24.7s wait #32
[8772 #2]   25.2s evaluate scroll #33
[8772 #2]   25.4s wait #33
[8772 #2]   25.9s evaluate scroll #34
[8772 #2]   26.0s wait #34
[8772 #2]   26.5s evaluate scroll #35
[8772 #2]   26.8s wait #35
[8772 #2]   27.3s evaluate scroll #36
[8772 #2]   27.4s wait #36
[8772 #2]   27.9s evaluate scroll #37
[8772 #2]   28.0s wait #37
[8772 #2]   28.5s evaluate scroll #38
[8772 #2]   28.7s wait #38
[8772 #2]   29.2s evaluate scroll #39
[8772 #2]   29.4s wait #39
[8772 #2]   29.9s evaluate scroll #40
[8772 #2]   30.0s wait #40
[8772 #2]   30.5s evaluate scroll #41
[8772 #2]   30.6s wait #41
[8772 #2]   31.1s evaluate scroll #42
[8772 #2]   31.3s wait #42
[8772 #2]   31.8s evaluate scroll #43
[8772 #2]   31.9s wait #43
[8772 #2]   32.4s evaluate scroll #44
[8772 #2]   32.5s wait #44
[8772 #2]   33.0s evaluate scroll #45
[8772 #2]   33.2s wait #45
[8772 #2]   33.7s evaluate scroll #46
[8772 #2]   33.8s wait #46
[8772 #2]   34.3s evaluate scroll #47
[8772 #2]   34.4s wait #47
[8772 #2]   34.9s evaluate scroll #48
[8772 #2]   35.1s wait #48
[8772 #2]   35.6s evaluate scroll #49
[8772 #2]   35.8s wait #49
[8772 #2]   36.3s evaluate scroll #50
[8772 #2]   36.4s wait #50
[8772 #2]   36.9s evaluate scroll #51
[8772 #2]   37.0s wait #51
[8772 #2]   37.5s evaluate scroll #52
[8772 #2[8771 #2]    0.0s session 01M43K38T3SJ7GR1F7VX9Y78KD browser wp6_viewport-M5wOn5rphr
[8771 #2]    0.1s liveview opened
[8771 #2] viewer_requested {'ua': 'Mozilla/5.0 (iPhone; CPU iPhone OS 18_7 like Mac OS X) AppleWebKit/605.1.15 (KHTML, like Gecko) Version/26.5 Mobile/15E1'}
[8771 #2] viewer_page_loaded {'sincePageStartMs': 87, 'userAgent': 'Mozilla/5.0 (iPhone; CPU iPhone OS 18_7 like Mac OS X) AppleWebKit/605.1.15 (KHTML, like Gecko) Version/26.5 Mobile/15E148 Safari/604.1', 'secureContext': True}
[8771 #2] viewer_authenticated {'sincePageStartMs': 785}
[8771 #2]    1.3s cdp connected
[8771 #2]    1.3s goto
[8771 #2] viewer_connected {'sincePageStartMs': 1300}
[8771 #2] viewer_first_frame {'sincePageStartMs': 2413}
[8771 #2]    3.2s loaded
[8771 #2]    3.2s evaluate scroll #1
[8771 #2]    3.6s wait #1
[8771 #2]    4.1s evaluate scroll #2
[8771 #2]    4.5s wait #2
[8771 #2]    5.0s evaluate scroll #3
[8771 #2]    5.2s wait #3
[8771 #2]    5.7s evaluate scroll #4
[8771 #2]    6.0s wait #4
[8771 #2]    6.5s evaluate scroll #5
[8771 #2]    8.9s wait #5
[8771 #2]    9.4s evaluate scroll #6
[8771 #2]    9.6s wait #6
[8771 #2]   10.1s evaluate scroll #7
[8771 #2]   10.2s wait #7
[8771 #2]   10.8s evaluate scroll #8
[8771 #2]   10.9s wait #8
[8771 #2]   11.4s evaluate scroll #9
[8771 #2]   11.5s wait #9
[8771 #2]   12.0s evaluate scroll #10
[8771 #2]   12.1s wait #10
[8771 #2]   12.6s evaluate scroll #11
[8771 #2]   12.7s wait #11
[8771 #2]   13.2s evaluate scroll #12
[8771 #2]   13.7s wait #12
[8771 #2]   14.2s evaluate scroll #13
[8771 #2]   14.3s wait #13
[8771 #2]   14.8s evaluate scroll #14
[8771 #2]   15.0s wait #14
[8771 #2]   15.5s evaluate scroll #15
[8771 #2]   15.6s wait #15
[8771 #2]   16.1s evaluate scroll #16
[8771 #2]   16.2s wait #16
[8771 #2]   16.7s evaluate scroll #17
[8771 #2]   16.8s wait #17
[8771 #2]   17.3s evaluate scroll #18
[8771 #2]   17.5s wait #18
[8771 #2]   18.0s evaluate scroll #19
[8771 #2]   18.1s wait #19
[8771 #2]   18.6s evaluate scroll #20
[8771 #2]   18.7s wait #20
[8771 #2]   19.2s evaluate scroll #21
[8771 #2]   19.4s wait #21
[8771 #2]   19.9s evaluate scroll #22
[8771 #2]   20.0s wait #22
[8771 #2]   20.5s evaluate scroll #23
[8771 #2]   20.7s wait #23
[8771 #2]   21.2s evaluate scroll #24
[8771 #2]   21.4s wait #24
[8771 #2]   21.9s evaluate scroll #25
[8771 #2]   22.0s wait #25
[8771 #2]   22.5s evaluate scroll #26
[8771 #2]   22.6s wait #26
[8771 #2]   23.1s evaluate scroll #27
[8771 #2]   23.4s wait #27
[8771 #2]   23.9s evaluate scroll #28
[8771 #2]   24.0s wait #28
[8771 #2]   24.5s evaluate scroll #29
[8771 #2]   24.6s wait #29
[8771 #2]   25.1s evaluate scroll #30
[8771 #2]   25.3s wait #30
[8771 #2]   25.8s evaluate scroll #31
[8771 #2]   26.0s wait #31
[8771 #2]   26.5s evaluate scroll #32
[8771 #2]   26.6s wait #32
[8771 #2]   27.1s evaluate scroll #33
[8771 #2]   27.3s wait #33
[8771 #2]   27.8s evaluate scroll #34
[8771 #2]   28.0s wait #34
[8771 #2]   28.5s evaluate scroll #35
[8771 #2]   28.6s wait #35
[8771 #2]   29.1s evaluate scroll #36
[8771 #2]   29.2s wait #36
[8771 #2]   29.7s evaluate scroll #37
[8771 #2]   29.9s wait #37
[8771 #2]   30.4s evaluate scroll #38
[8771 #2]   30.5s wait #38
[8771 #2]   31.0s evaluate scroll #39
[8771 #2]   31.1s wait #39
[8771 #2]   31.6s evaluate scroll #40
[8771 #2]   31.8s wait #40
[8771 #2]   32.3s evaluate scroll #41
[8771 #2]   32.4s wait #41
[8771 #2]   32.9s evaluate scroll #42
[8771 #2]   33.0s wait #42
[8771 #2]   33.5s evaluate scroll #43
[8771 #2]   33.6s wait #43
[8771 #2]   34.1s evaluate scroll #44
[8771 #2]   34.3s wait #44
[8771 #2]   34.8s evaluate scroll #45
[8771 #2]   34.9s wait #45
[8771 #2]   35.4s evaluate scroll #46
[8771 #2]   35.5s wait #46
[8771 #2]   36.0s evaluate scroll #47
[8771 #2]   36.2s wait #47
[8771 #2]   36.7s evaluate scroll #48
[8771 #2]   36.8s wait #48
[8771 #2]   37.3s evaluate scroll #49
[8771 #2]   37.7s wait #49
[8771 #2]   38.2s evaluate scroll #50
[8771 #2]   38.3s wait #50
[8771 #2]   38.8s evaluate scroll #51
[8771 #2]   39.0s wait #51
[8771 #2]   39.5s evaluate scroll #52
[8771 #2]   37.6s wait #52
[8772 #2]   38.1s evaluate scroll #53
[8772 #2]   38.4s wait #53
[8772 #2]   38.9s evaluate scroll #54
[8772 #2]   39.1s wait #54
[8772 #2]   39.6s evaluate scroll #55
[8772 #2]   39.8s wait #55
[8772 #2]   40.3s evaluate scroll #56
[8772 #2]   40.4s wait #56
[8772 #2]   40.9s evaluate scroll #57
[8772 #2]   41.0s wait #57
[8772 #2]   41.5s evaluate scroll #58
[8772 #2]   41.7s wait #58
[8772 #2]   42.2s evaluate scroll #59
[8772 #2]   42.5s wait #59
[8772 #2]   43.0s evaluate scroll #60
[8772 #2]   43.1s wait #60
[8772 #2]   43.6s evaluate scroll #61
[8772 #2]   43.8s wait #61
[8772 #2]   44.3s evaluate scroll #62
[8772 #2]   44.5s wait #62
[8772 #2]   45.0s evaluate scroll #63
[8772 #2]   45.2s wait #63
[8772 #2]   45.7s evaluate scroll #64
[8772 #2]   45.8s wait #64
[8772 #2]   46.3s evaluate scroll #65
[8772 #2]   46.5s wait #65
[8772 #2]   47.0s evaluate scroll #66
[8772 #2]   47.1s wait #66
[8772 #2]   47.6s evaluate scroll #67
[8772 #2]   47.7s wait #67
[8772 #2]   48.2s evaluate scroll #68
[8772 #2]   48.4s wait #68
[8772 #2]   48.9s evaluate scroll #69
[8772 #2]   49.0s wait #69
[8772 #2]   49.5s evaluate scroll #70
[8772 #2]   49.6s wait #70
[8772 #2]   50.1s evaluate scroll #71
[8772 #2]   50.2s wait #71
[8772 #2]   50.7s evaluate scroll #72
[8772 #2]   50.9s wait #72
[8772 #2]   51.4s evaluate scroll #73
[8772 #2]   51.5s wait #73
[8772 #2]   52.0s evaluate scroll #74
[8772 #2]   52.2s wait #74
[8772 #2]   52.7s evaluate scroll #75
[8772 #2]   52.9s wait #75
[8772 #2]   53.4s evaluate scroll #76
[8772 #2]   53.5s wait #76
[8772 #2]   54.0s evaluate scroll #77
[8772 #2]   54.2s wait #77
[8772 #2]   54.7s evaluate scroll #78
[8772 #2]   54.8s wait #78
[8772 #2]   55.3s evaluate scroll #79
[8772 #2]   55.5s wait #79
[8772 #2]   56.0s evaluate scroll #80
[8772 #2]   56.2s wait #80
[8772 #2]   56.7s evaluate scroll #81
[8772 #2]   56.8s wait #81
[8772 #2]   57.3s evaluate scroll #82
[8772 #2]   57.4s wait #82
[8772 #2]   57.9s evaluate scroll #83
[8772 #2]   58.1s wait #83
[8772 #2]   58.6s evaluate scroll #84
[8772 #2]   58.8s wait #84
[8772 #2]   59.3s evaluate scroll #85
[8772 #2]   59.4s wait #85
[8772 #2]   59.9s evaluate scroll #86
[8772 #2]   60.0s wait #86
[8772 #2] RESULT OK 01M43K38B0N138SRBKKVGGA75V 
]   39.6s wait #52
[8771 #2]   40.1s evaluate scroll #53
[8771 #2]   40.3s wait #53
[8771 #2]   40.8s evaluate scroll #54
[8771 #2]   40.9s wait #54
[8771 #2]   41.4s evaluate scroll #55
[8771 #2]   41.7s wait #55
[8771 #2]   42.2s evaluate scroll #56
[8771 #2]   42.4s wait #56
[8771 #2]   42.9s evaluate scroll #57
[8771 #2]   43.0s wait #57
[8771 #2]   43.5s evaluate scroll #58
[8771 #2]   43.8s wait #58
[8771 #2]   44.3s evaluate scroll #59
[8771 #2]   44.5s wait #59
[8771 #2]   45.0s evaluate scroll #60
[8771 #2]   45.1s wait #60
[8771 #2]   45.6s evaluate scroll #61
[8771 #2]   45.8s wait #61
[8771 #2]   46.3s evaluate scroll #62
[8771 #2]   46.4s wait #62
[8771 #2]   46.9s evaluate scroll #63
[8771 #2]   47.1s wait #63
[8771 #2]   47.6s evaluate scroll #64
[8771 #2]   47.7s wait #64
[8771 #2]   48.2s evaluate scroll #65
[8771 #2]   48.4s wait #65
[8771 #2]   48.9s evaluate scroll #66
[8771 #2]   49.0s wait #66
[8771 #2]   49.5s evaluate scroll #67
[8771 #2]   49.8s wait #67
[8771 #2]   50.3s evaluate scroll #68
[8771 #2]   50.4s wait #68
[8771 #2]   50.9s evaluate scroll #69
[8771 #2]   51.1s wait #69
[8771 #2]   51.6s evaluate scroll #70
[8771 #2]   51.7s wait #70
[8771 #2]   52.2s evaluate scroll #71
[8771 #2]   52.3s wait #71
[8771 #2]   52.8s evaluate scroll #72
[8771 #2]   53.0s wait #72
[8771 #2]   53.5s evaluate scroll #73
[8771 #2]   53.6s wait #73
[8771 #2]   54.1s evaluate scroll #74
[8771 #2]   54.3s wait #74
[8771 #2]   54.8s evaluate scroll #75
[8771 #2]   55.0s wait #75
[8771 #2]   55.5s evaluate scroll #76
[8771 #2]   55.6s wait #76
[8771 #2]   56.1s evaluate scroll #77
[8771 #2]   56.3s wait #77
[8771 #2]   56.8s evaluate scroll #78
[8771 #2]   56.9s wait #78
[8771 #2]   57.4s evaluate scroll #79
[8771 #2]   57.5s wait #79
[8771 #2]   58.0s evaluate scroll #80
[8771 #2]   58.2s wait #80
[8771 #2]   58.7s evaluate scroll #81
[8771 #2]   58.8s wait #81
[8771 #2]   59.3s evaluate scroll #82
[8771 #2]   59.6s wait #82
[8771 #2] RESULT OK 01M43K38T3SJ7GR1F7VX9Y78KD 
[8772 #3]    0.0s session 01M43K569ZXERNEKNMCGY9C3Q6 browser wp6_viewport-M5wOn5rphr
[8772 #3]    0.1s liveview opened
[8772 #3] viewer_requested {'ua': 'Mozilla/5.0 (iPhone; CPU iPhone OS 18_7 like Mac OS X) AppleWebKit/605.1.15 (KHTML, like Gecko) Version/26.5 Mobile/15E1'}
[8772 #3] viewer_page_loaded {'sincePageStartMs': 52, 'userAgent': 'Mozilla/5.0 (iPhone; CPU iPhone OS 18_7 like Mac OS X) AppleWebKit/605.1.15 (KHTML, like Gecko) Version/26.5 Mobile/15E148 Safari/604.1', 'secureContext': True}
[8772 #3] viewer_authenticated {'sincePageStartMs': 972}
[8772 #3]    1.4s cdp connected
[8772 #3]    1.4s goto
[8772 #3] viewer_connected {'sincePageStartMs': 2075}
[8772 #3]    3.1s loaded
[8772 #3]    3.1s evaluate scroll #1
[8772 #3]    3.7s wait #1
[8772 #3] viewer_first_frame {'sincePageStartMs': 3626}
[8772 #3]    4.2s evaluate scroll #2
[8772 #3]    4.6s wait #2
[8772 #3]    5.1s evaluate scroll #3
[8772 #3]    5.2s wait #3
[8772 #3]    5.7s evaluate scroll #4
[8772 #3]    5.9s wait #4
[8772 #3]    6.4s evaluate scroll #5
[8772 #3]    7.2s wait #5
[8772 #3]    7.7s evaluate scroll #6
[8772 #3]    7.9s wait #6
[8772 #3]    8.4s evaluate scroll #7
[8772 #3]    8.5s wait #7
[8772 #3]    9.0s evaluate scroll #8
[8772 #3]    9.2s wait #8
[8772 #3]    9.7s evaluate scroll #9
[8772 #3]    9.8s wait #9
[8772 #3]   10.3s evaluate scroll #10
[8772 #3]   10.4s wait #10
[8772 #3]   10.9s evaluate scroll #11
[8772 #3]   11.1s wait #11
[8772 #3]   11.6s evaluate scroll #12
[8772 #3]   11.8s wait #12
[8772 #3]   12.3s evaluate scroll #13
[8772 #3]   12.4s wait #13
[8772 #3]   12.9s evaluate scroll #14
[8772 #3]   13.1s wait #14
[8772 #3]   13.6s evaluate scroll #15
[8772 #3]   13.7s wait #15
[8772 #3]   14.2s evaluate scroll #16
[8772 #3]   14.3s wait #16
[8772 #3]   14.8s evaluate scroll #17
[8772 #3]   14.9s wait #17
[8772 #3]   15.4s evaluate scroll #18
[8772 #3]   15.5s wait #18
[8772 #3]   16.0s evaluate scroll #19
[8772 #3]   16.2s wait #19
[8772 #3]   16.7s evaluate scroll #20
[8772 #3]   16.8s wait #20
[8772 #3]   17.3s evaluate scroll #21
[8772 #3]   17.4s wait #21
[8772 #3]   17.9s evaluate scroll #22
[8772 #3]   18.1s wait #22
[8772 #3]   18.6s evaluate scroll #23
[8772 #3]   18.7s wait #23
[8772 #3]   19.2s evaluate scroll #24
[8772 #3]   19.3s wait #24
[8772 #3]   19.8s evaluate scroll #25
[8772 #3]   20.0s wait #25
[8772 #3]   20.5s evaluate scroll #26
[8772 #3]   20.6s wait #26
[8772 #3]   21.1s evaluate scroll #27
[8772 #3]   21.2s wait #27
[8772 #3]   21.7s evaluate scroll #28
[8772 #3]   21.8s wait #28
[8772 #3]   22.3s evaluate scroll #29
[8772 #3]   22.5s wait #29
[8772 #3]   23.0s evaluate scroll #30
[8772 #3]   23.1s wait #30
[8772 #3]   23.6s evaluate scroll #31
[8772 #3]   23.7s wait #31
[8772 #3]   24.2s evaluate scroll #32
[8772 #3]   24.3s wait #32
[8772 #3]   24.8s evaluate scroll #33
[8772 #3]   25.0s wait #33
[8772 #3]   25.5s evaluate scroll #34
[8772 #3]   25.6s wait #34
[8772 #3]   26.1s evaluate scroll #35
[8772 #3]   26.2s wait #35
[8772 #3]   26.8s evaluate scroll #36
[8772 #3]   26.9s wait #36
[8772 #3]   27.4s evaluate scroll #37
[8772 #3]   27.5s wait #37
[8772 #3]   28.0s evaluate scroll #38
[8772 #3]   28.1s wait #38
[8772 #3]   28.6s evaluate scroll #39
[8772 #3]   28.8s wait #39
[8772 #3]   29.3s evaluate scroll #40
[8772 #3]   29.4s wait #40
[8772 #3]   29.9s evaluate scroll #41
[8772 #3]   30.1s wait #41
[8772 #3]   30.6s evaluate scroll #42
[8772 #3]   30.7s wait #42
[8772 #3]   31.2s evaluate scroll #43
[8772 #3]   31.3s wait #43
[8772 #3]   31.8s evaluate scroll #44
[8772 #3]   32.0s wait #44
[8772 #3]   32.5s evaluate scroll #45
[8772 #3]   32.6s wait #45
[8772 #3]   33.1s evaluate scroll #46
[8772 #3]   33.4s wait #46
[8772 #3]   33.9s evaluate scroll #47
[8772 #3]   34.1s wait #47
[8772 #3]   34.6s evaluate scroll #48
[8772 #3]   34.7s wait #48
[8772 #3]   35.2s evaluate scroll #49
[8772 #3]   35.4s wait #49
[8772 #3]   35.9s evaluate scroll #50
[8772 #3]   36.2s wait #50
[8772 #3]   36.7s evaluate scroll #51
[8772 #3]   36.8s wait #51
[8772 #3]   37.3s evaluate scroll #52
[8772 #3[8771 #3]    0.0s session 01M43K56ARAKN0R08TKFGNSQ4N browser wp6_viewport-M5wOn5rphr
[8771 #3]    0.2s liveview opened
[8771 #3] viewer_requested {'ua': 'Mozilla/5.0 (iPhone; CPU iPhone OS 18_7 like Mac OS X) AppleWebKit/605.1.15 (KHTML, like Gecko) Version/26.5 Mobile/15E1'}
[8771 #3] viewer_page_loaded {'sincePageStartMs': 47, 'userAgent': 'Mozilla/5.0 (iPhone; CPU iPhone OS 18_7 like Mac OS X) AppleWebKit/605.1.15 (KHTML, like Gecko) Version/26.5 Mobile/15E148 Safari/604.1', 'secureContext': True}
[8771 #3] viewer_authenticated {'sincePageStartMs': 947}
[8771 #3]    1.2s cdp connected
[8771 #3]    1.2s goto
[8771 #3] viewer_connected {'sincePageStartMs': 1762}
[8771 #3]    3.1s loaded
[8771 #3]    3.1s evaluate scroll #1
[8771 #3]    3.5s wait #1
[8771 #3]    4.0s evaluate scroll #2
[8771 #3] viewer_first_frame {'sincePageStartMs': 3872}
[8771 #3]    4.4s wait #2
[8771 #3]    4.9s evaluate scroll #3
[8771 #3]    5.1s wait #3
[8771 #3]    5.6s evaluate scroll #4
[8771 #3]    5.7s wait #4
[8771 #3]    6.2s evaluate scroll #5
[8771 #3]    9.2s wait #5
[8771 #3]    9.7s evaluate scroll #6
[8771 #3]    9.8s wait #6
[8771 #3]   10.3s evaluate scroll #7
[8771 #3]   10.4s wait #7
[8771 #3]   10.9s evaluate scroll #8
[8771 #3]   11.0s wait #8
[8771 #3]   11.5s evaluate scroll #9
[8771 #3]   11.6s wait #9
[8771 #3]   12.1s evaluate scroll #10
[8771 #3]   12.3s wait #10
[8771 #3]   12.8s evaluate scroll #11
[8771 #3]   12.9s wait #11
[8771 #3]   13.4s evaluate scroll #12
[8771 #3]   13.5s wait #12
[8771 #3]   14.0s evaluate scroll #13
[8771 #3]   14.2s wait #13
[8771 #3]   14.7s evaluate scroll #14
[8771 #3]   14.8s wait #14
[8771 #3]   15.3s evaluate scroll #15
[8771 #3]   15.5s wait #15
[8771 #3]   16.0s evaluate scroll #16
[8771 #3]   16.1s wait #16
[8771 #3]   16.6s evaluate scroll #17
[8771 #3]   16.7s wait #17
[8771 #3]   17.2s evaluate scroll #18
[8771 #3]   17.3s wait #18
[8771 #3]   17.9s evaluate scroll #19
[8771 #3]   18.0s wait #19
[8771 #3]   18.5s evaluate scroll #20
[8771 #3]   18.7s wait #20
[8771 #3]   19.2s evaluate scroll #21
[8771 #3]   19.3s wait #21
[8771 #3]   19.8s evaluate scroll #22
[8771 #3]   19.9s wait #22
[8771 #3]   20.4s evaluate scroll #23
[8771 #3]   20.5s wait #23
[8771 #3]   21.0s evaluate scroll #24
[8771 #3]   21.1s wait #24
[8771 #3]   21.7s evaluate scroll #25
[8771 #3]   21.8s wait #25
[8771 #3]   22.3s evaluate scroll #26
[8771 #3]   22.5s wait #26
[8771 #3]   23.0s evaluate scroll #27
[8771 #3]   23.1s wait #27
[8771 #3]   23.6s evaluate scroll #28
[8771 #3]   23.7s wait #28
[8771 #3]   24.2s evaluate scroll #29
[8771 #3]   24.4s wait #29
[8771 #3]   24.9s evaluate scroll #30
[8771 #3]   25.0s wait #30
[8771 #3]   25.5s evaluate scroll #31
[8771 #3]   25.6s wait #31
[8771 #3]   26.1s evaluate scroll #32
[8771 #3]   26.2s wait #32
[8771 #3]   26.7s evaluate scroll #33
[8771 #3]   26.8s wait #33
[8771 #3]   27.3s evaluate scroll #34
[8771 #3]   27.4s wait #34
[8771 #3]   27.9s evaluate scroll #35
[8771 #3]   28.1s wait #35
[8771 #3]   28.6s evaluate scroll #36
[8771 #3]   28.8s wait #36
[8771 #3]   29.3s evaluate scroll #37
[8771 #3]   29.4s wait #37
[8771 #3]   29.9s evaluate scroll #38
[8771 #3]   30.0s wait #38
[8771 #3]   30.5s evaluate scroll #39
[8771 #3]   30.6s wait #39
[8771 #3]   31.1s evaluate scroll #40
[8771 #3]   31.4s wait #40
[8771 #3]   31.9s evaluate scroll #41
[8771 #3]   32.0s wait #41
[8771 #3]   32.5s evaluate scroll #42
[8771 #3]   32.6s wait #42
[8771 #3]   33.1s evaluate scroll #43
[8771 #3]   33.3s wait #43
[8771 #3]   33.8s evaluate scroll #44
[8771 #3]   33.9s wait #44
[8771 #3]   34.4s evaluate scroll #45
[8771 #3]   34.5s wait #45
[8771 #3]   35.0s evaluate scroll #46
[8771 #3]   35.1s wait #46
[8771 #3]   35.6s evaluate scroll #47
[8771 #3]   36.1s wait #47
[8771 #3]   36.6s evaluate scroll #48
[8771 #3]   36.7s wait #48
[8771 #3]   37.2s evaluate scroll #49
[8771 #3]   37.3s wait #49
[8771 #3]   37.8s evaluate scroll #50
[8771 #3]   38.0s wait #50
[8771 #3]   38.5s evaluate scroll #51
[8771 #3]   38.6s wait #51
[8771 #3]   39.1s evaluate scroll #52
[8771 #3]   39.2s wait #52
[8771 #3]   39.7s evaluate scroll #53
[8771 #3]   39.8s wait #53
[8771 #3]   40.3s evaluate scroll #54
[8771 #3]   40.5s wait #54
[8771 #3]   41.0s evaluate scroll #55
[8771 #3]   41.1s wait #55
[8771 #3]   41.6s evaluate scroll #56
[8771 #3]   41.8s wait #56
[8771 #3]   42.3s evaluate scroll #57
[8771 #3]   42.4s wait #57
[8771 #3]   42.9s evaluate scroll #58
[8771 #3]   43.3s wait #58
[8771 #3]   43.8s evaluate scroll #59
[8771 #3]   43.9s wait #59
[8771 #3]   44.4s evaluate scroll #60
[8771 #3]   44.6s wait #60
[8771 #3]   45.1s evaluate scroll #61
[8771 #3]   45.2s wait #61
[8771 #3]   45.7s evaluate scroll #62
[8771 #3]   45.9s wait #62
[8771 #3]   46.4s evaluate scroll #63
[8771 #3]   46.5s wait #63
[8771 #3]   47.0s evaluate scroll #64
[8771 #3]   47.1s wait #64
[8771 #3]   47.6s evaluate scroll #65
[8771 #3]   47.8s wait #65
[8771 #3]   48.3s evaluate scroll #66
[8771 #3]   48.4s wait #66
[8771 #3]   48.9s evaluate scroll #67
[8771 #3]   49.1s wait #67
[8771 #3]   49.6s evaluate scroll #68
[8771 #3]   49.7s wait #68
[8771 #3]   50.2s evaluate scroll #69
[8771 #3]   50.4s wait #69
[8771 #3]   50.9s evaluate scroll #70
[8771 #3]   51.0s wait #70
[8771 #3]   51.5s evaluate scroll #71
[8771 #3]   51.6s wait #71
[8771 #3]   52.2s evaluate scroll #72
[8771 #3]   52.3s wait #72
[8771 #3]   52.8s evaluate scroll #73
[8771 #3]   53.0s wait #73
[8771 #3]   53.5s evaluate scroll #74
[8771 #3]   53.6s wait #74
[8771 #3]   54.1s evaluate scroll #75
[8771 #3]   54.5s wait #75
[8771 #3]   55.0s evaluate scroll #76
[8771 #3]   55.2s wait #76
[8771 #3]   55.7s evaluate scroll #77
[8771 #3]   55.8s wait #77
[8771 #3]   56.3s evaluate scroll #78
[8771 #3]   56.5s wait #78
[8771 #3]   57.0s evaluate scroll #79
[8771 #3]   57.1s wait #79
[8771 #3]   57.6s evaluate scroll #80
[8771 #3]   57.7s wait #80
[8771 #3]   58.2s evaluate scroll #81
[8771 #3]   58.3s wait #81
[8771 #3]   58.8s evaluate scroll #82
[8771 #3]   58.9s wait #82
[8771 #3]   59.4s evaluate scroll #83
[8771 #3]   59.6s wait #83
[8771 #3] RESULT OK 01M43K56ARAKN0R08TKFGNSQ4N 
]   37.5s wait #52
[8772 #3]   38.0s evaluate scroll #53
[8772 #3]   38.1s wait #53
[8772 #3]   38.6s evaluate scroll #54
[8772 #3]   38.8s wait #54
[8772 #3]   39.3s evaluate scroll #55
[8772 #3]   39.4s wait #55
[8772 #3]   39.9s evaluate scroll #56
[8772 #3]   40.0s wait #56
[8772 #3]   40.5s evaluate scroll #57
[8772 #3]   40.6s wait #57
[8772 #3]   41.1s evaluate scroll #58
[8772 #3]   41.3s wait #58
[8772 #3]   41.8s evaluate scroll #59
[8772 #3]   41.9s wait #59
[8772 #3]   42.4s evaluate scroll #60
[8772 #3]   43.0s wait #60
[8772 #3]   43.5s evaluate scroll #61
[8772 #3]   43.6s wait #61
[8772 #3]   44.1s evaluate scroll #62
[8772 #3]   44.3s wait #62
[8772 #3]   44.8s evaluate scroll #63
[8772 #3]   44.9s wait #63
[8772 #3]   45.4s evaluate scroll #64
[8772 #3]   45.6s wait #64
[8772 #3]   46.1s evaluate scroll #65
[8772 #3]   46.2s wait #65
[8772 #3]   46.7s evaluate scroll #66
[8772 #3]   46.8s wait #66
[8772 #3]   47.3s evaluate scroll #67
[8772 #3]   47.5s wait #67
[8772 #3]   48.0s evaluate scroll #68
[8772 #3]   48.1s wait #68
[8772 #3]   48.6s evaluate scroll #69
[8772 #3]   48.8s wait #69
[8772 #3]   49.3s evaluate scroll #70
[8772 #3]   49.4s wait #70
[8772 #3]   49.9s evaluate scroll #71
[8772 #3]   50.1s wait #71
[8772 #3]   50.6s evaluate scroll #72
[8772 #3]   50.7s wait #72
[8772 #3]   51.2s evaluate scroll #73
[8772 #3]   51.4s wait #73
[8772 #3]   51.9s evaluate scroll #74
[8772 #3]   52.0s wait #74
[8772 #3]   52.5s evaluate scroll #75
[8772 #3]   52.7s wait #75
[8772 #3]   53.2s evaluate scroll #76
[8772 #3]   53.3s wait #76
[8772 #3]   53.8s evaluate scroll #77
[8772 #3]   54.1s wait #77
[8772 #3]   54.6s evaluate scroll #78
[8772 #3]   54.8s wait #78
[8772 #3]   55.3s evaluate scroll #79
[8772 #3]   55.4s wait #79
[8772 #3]   55.9s evaluate scroll #80
[8772 #3]   56.0s wait #80
[8772 #3]   56.5s evaluate scroll #81
[8772 #3]   56.7s wait #81
[8772 #3]   57.2s evaluate scroll #82
[8772 #3]   57.3s wait #82
[8772 #3]   57.8s evaluate scroll #83
[8772 #3]   58.0s wait #83
[8772 #3]   58.5s evaluate scroll #84
[8772 #3]   58.6s wait #84
[8772 #3]   59.1s evaluate scroll #85
[8772 #3]   59.2s wait #85
[8772 #3]   59.7s evaluate scroll #86
[8772 #3]   59.8s wait #86
[8772 #3] RESULT OK 01M43K569ZXERNEKNMCGY9C3Q6 
[8771 #4]    0.0s session 01M43K73R734AGFQSW740GKWW0 browser wp6_viewport-M5wOn5rphr
[8771 #4]    0.2s liveview opened
[8771 #4] viewer_requested {'ua': 'Mozilla/5.0 (iPhone; CPU iPhone OS 18_7 like Mac OS X) AppleWebKit/605.1.15 (KHTML, like Gecko) Version/26.5 Mobile/15E1'}
[8771 #4] viewer_page_loaded {'sincePageStartMs': 47, 'userAgent': 'Mozilla/5.0 (iPhone; CPU iPhone OS 18_7 like Mac OS X) AppleWebKit/605.1.15 (KHTML, like Gecko) Version/26.5 Mobile/15E148 Safari/604.1', 'secureContext': True}
[8771 #4] viewer_authenticated {'sincePageStartMs': 1213}
[8771 #4]    1.5s cdp connected
[8771 #4]    1.5s goto
[8771 #4] viewer_connected {'sincePageStartMs': 1853}
[8771 #4]    3.0s loaded
[8771 #4]    3.0s evaluate scroll #1
[8771 #4]    3.5s wait #1
[8771 #4] viewer_first_frame {'sincePageStartMs': 3788}
[8771 #4]    4.0s evaluate scroll #2
[8771 #4]    4.4s wait #2
[8771 #4]    4.9s evaluate scroll #3
[8771 #4]    5.1s wait #3
[8771 #4]    5.6s evaluate scroll #4
[8771 #4]    5.7s wait #4
[8771 #4]    6.2s evaluate scroll #5
[8771 #4]    7.4s wait #5
[8771 #4]    7.9s evaluate scroll #6
[8771 #4]    8.1s wait #6
[8771 #4]    8.6s evaluate scroll #7
[8771 #4]    8.8s wait #7
[8771 #4]    9.3s evaluate scroll #8
[8771 #4]    9.4s wait #8
[8771 #4]    9.9s evaluate scroll #9
[8771 #4]   10.1s wait #9
[8771 #4]   10.6s evaluate scroll #10
[8771 #4]   10.7s wait #10
[8771 #4]   11.2s evaluate scroll #11
[8771 #4]   11.3s wait #11
[8771 #4]   11.8s evaluate scroll #12
[8771 #4]   12.0s wait #12
[8771 #4]   12.5s evaluate scroll #13
[8771 #4]   12.7s wait #13
[8771 #4]   13.2s evaluate scroll #14
[8771 #4]   13.3s wait #14
[8771 #4]   13.8s evaluate scroll #15
[8771 #4]   14.0s wait #15
[8771 #4]   14.5s evaluate scroll #16
[8771 #4]   14.6s wait #16
[8771 #4]   15.1s evaluate scroll #17
[8771 #4]   15.2s wait #17
[8771 #4]   15.7s evaluate scroll #18
[8771 #4]   15.8s wait #18
[8771 #4]   16.3s evaluate scroll #19
[8771 #4]   16.5s wait #19
[8771 #4]   17.0s evaluate scroll #20
[8771 #4]   17.3s wait #20
[8771 #4]   17.8s evaluate scroll #21
[8771 #4]   17.9s wait #21
[8771 #4]   18.4s evaluate scroll #22
[8771 #4]   18.6s wait #22
[8771 #4]   19.1s evaluate scroll #23
[8771 #4]   19.4s wait #23
[8771 #4]   19.9s evaluate scroll #24
[8771 #4]   20.0s wait #24
[8771 #4]   20.5s evaluate scroll #25
[8771 #4]   20.7s wait #25
[8771 #4]   21.2s evaluate scroll #26
[8771 #4]   21.3s wait #26
[8771 #4]   21.8s evaluate scroll #27
[8771 #4]   22.0s wait #27
[8771 #4]   22.5s evaluate scroll #28
[8771 #4]   22.6s wait #28
[8771 #4]   23.1s evaluate scroll #29
[8771 #4]   23.2s wait #29
[8771 #4]   23.7s evaluate scroll #30
[8771 #4]   23.9s wait #30
[8771 #4]   24.4s evaluate scroll #31
[8771 #4]   24.5s wait #31
[8771 #4]   25.0s evaluate scroll #32
[8771 #4]   25.2s wait #32
[8771 #4]   25.7s evaluate scroll #33
[8771 #4]   25.8s wait #33
[8771 #4]   26.3s evaluate scroll #34
[8771 #4]   26.4s wait #34
[8771 #4]   26.9s evaluate scroll #35
[8771 #4]   27.1s wait #35
[8771 #4]   27.6s evaluate scroll #36
[8771 #4]   27.7s wait #36
[8771 #4]   28.2s evaluate scroll #37
[8771 #4]   28.4s wait #37
[8771 #4]   28.9s evaluate scroll #38
[8771 #4]   29.1s wait #38
[8771 #4]   29.6s evaluate scroll #39
[8771 #4]   29.7s wait #39
[8771 #4]   30.2s evaluate scroll #40
[8771 #4]   30.4s wait #40
[8771 #4]   30.9s evaluate scroll #41
[8771 #4]   31.0s wait #41
[8771 #4]   31.5s evaluate scroll #42
[8771 #4]   31.6s wait #42
[8771 #4]   32.1s evaluate scroll #43
[8771 #4]   32.4s wait #43
[8771 #4]   32.9s evaluate scroll #44
[8771 #4]   33.0s wait #44
[8771 #4]   33.5s evaluate scroll #45
[8771 #4]   33.6s wait #45
[8771 #4]   34.1s evaluate scroll #46
[8771 #4]   34.3s wait #46
[8771 #4]   34.8s evaluate scroll #47
[8771 #4]   35.0s wait #47
[8771 #4]   35.5s evaluate scroll #48
[8771 #4]   35.6s wait #48
[8771 #4]   36.1s evaluate scroll #49
[8771 #4]   36.2s wait #49
[8771 #4]   36.7s evaluate scroll #50
[8771 #4]   36.8s wait #50
[8771 #4]   37.3s evaluate scroll #51
[8771 #4]   37.5s wait #51
[8771 #4]   38.0s evaluate scroll #52
[8771 #[8772 #4]    0.0s session 01M43K7444DE4R0PHGZMPMJR74 browser wp6_viewport-M5wOn5rphr
[8772 #4]    0.1s liveview opened
[8772 #4] viewer_requested {'ua': 'Mozilla/5.0 (iPhone; CPU iPhone OS 18_7 like Mac OS X) AppleWebKit/605.1.15 (KHTML, like Gecko) Version/26.5 Mobile/15E1'}
[8772 #4] viewer_page_loaded {'sincePageStartMs': 49, 'userAgent': 'Mozilla/5.0 (iPhone; CPU iPhone OS 18_7 like Mac OS X) AppleWebKit/605.1.15 (KHTML, like Gecko) Version/26.5 Mobile/15E148 Safari/604.1', 'secureContext': True}
[8772 #4] viewer_authenticated {'sincePageStartMs': 989}
[8772 #4]    1.3s cdp connected
[8772 #4]    1.3s goto
[8772 #4] viewer_connected {'sincePageStartMs': 1614}
[8772 #4]    3.2s loaded
[8772 #4]    3.2s evaluate scroll #1
[8772 #4] viewer_first_frame {'sincePageStartMs': 3520}
[8772 #4]    3.7s wait #1
[8772 #4]    4.2s evaluate scroll #2
[8772 #4]    4.8s wait #2
[8772 #4]    5.3s evaluate scroll #3
[8772 #4]    5.5s wait #3
[8772 #4]    6.0s evaluate scroll #4
[8772 #4]    6.2s wait #4
[8772 #4]    6.7s evaluate scroll #5
[8772 #4]    8.0s wait #5
[8772 #4]    8.5s evaluate scroll #6
[8772 #4]    8.7s wait #6
[8772 #4]    9.2s evaluate scroll #7
[8772 #4]    9.3s wait #7
[8772 #4]    9.8s evaluate scroll #8
[8772 #4]   10.0s wait #8
[8772 #4]   10.5s evaluate scroll #9
[8772 #4]   10.7s wait #9
[8772 #4]   11.2s evaluate scroll #10
[8772 #4]   11.4s wait #10
[8772 #4]   11.9s evaluate scroll #11
[8772 #4]   12.1s wait #11
[8772 #4]   12.6s evaluate scroll #12
[8772 #4]   12.7s wait #12
[8772 #4]   13.2s evaluate scroll #13
[8772 #4]   13.4s wait #13
[8772 #4]   13.9s evaluate scroll #14
[8772 #4]   14.0s wait #14
[8772 #4]   14.5s evaluate scroll #15
[8772 #4]   14.6s wait #15
[8772 #4]   15.1s evaluate scroll #16
[8772 #4]   15.2s wait #16
[8772 #4]   15.7s evaluate scroll #17
[8772 #4]   15.9s wait #17
[8772 #4]   16.4s evaluate scroll #18
[8772 #4]   16.7s wait #18
[8772 #4]   17.2s evaluate scroll #19
[8772 #4]   17.3s wait #19
[8772 #4]   17.8s evaluate scroll #20
[8772 #4]   18.0s wait #20
[8772 #4]   18.6s evaluate scroll #21
[8772 #4]   18.8s wait #21
[8772 #4]   19.3s evaluate scroll #22
[8772 #4]   19.4s wait #22
[8772 #4]   19.9s evaluate scroll #23
[8772 #4]   20.0s wait #23
[8772 #4]   20.5s evaluate scroll #24
[8772 #4]   20.6s wait #24
[8772 #4]   21.1s evaluate scroll #25
[8772 #4]   21.3s wait #25
[8772 #4]   21.8s evaluate scroll #26
[8772 #4]   21.9s wait #26
[8772 #4]   22.4s evaluate scroll #27
[8772 #4]   22.5s wait #27
[8772 #4]   23.0s evaluate scroll #28
[8772 #4]   23.2s wait #28
[8772 #4]   23.7s evaluate scroll #29
[8772 #4]   23.9s wait #29
[8772 #4]   24.4s evaluate scroll #30
[8772 #4]   24.5s wait #30
[8772 #4]   25.0s evaluate scroll #31
[8772 #4]   25.1s wait #31
[8772 #4]   25.6s evaluate scroll #32
[8772 #4]   25.7s wait #32
[8772 #4]   26.2s evaluate scroll #33
[8772 #4]   26.4s wait #33
[8772 #4]   26.9s evaluate scroll #34
[8772 #4]   27.0s wait #34
[8772 #4]   27.5s evaluate scroll #35
[8772 #4]   27.6s wait #35
[8772 #4]   28.1s evaluate scroll #36
[8772 #4]   28.3s wait #36
[8772 #4]   28.8s evaluate scroll #37
[8772 #4]   28.9s wait #37
[8772 #4]   29.4s evaluate scroll #38
[8772 #4]   29.6s wait #38
[8772 #4]   30.1s evaluate scroll #39
[8772 #4]   30.2s wait #39
[8772 #4]   30.7s evaluate scroll #40
[8772 #4]   30.8s wait #40
[8772 #4]   31.3s evaluate scroll #41
[8772 #4]   31.5s wait #41
[8772 #4]   32.0s evaluate scroll #42
[8772 #4]   32.1s wait #42
[8772 #4]   32.6s evaluate scroll #43
[8772 #4]   32.8s wait #43
[8772 #4]   33.3s evaluate scroll #44
[8772 #4]   33.4s wait #44
[8772 #4]   33.9s evaluate scroll #45
[8772 #4]   34.0s wait #45
[8772 #4]   34.5s evaluate scroll #46
[8772 #4]   34.6s wait #46
[8772 #4]   35.1s evaluate scroll #47
[8772 #4]   35.2s wait #47
[8772 #4]   35.7s evaluate scroll #48
[8772 #4]   35.9s wait #48
[8772 #4]   36.4s evaluate scroll #49
[8772 #4]   36.6s wait #49
[8772 #4]   37.1s evaluate scroll #50
[8772 #4]   37.2s wait #50
[8772 #4]   37.7s evaluate scroll #51
[8772 #4]   37.9s wait #51
[8772 #4]   38.4s evaluate scroll #52
[8772 #44]   38.1s wait #52
[8771 #4]   38.6s evaluate scroll #53
[8771 #4]   38.7s wait #53
[8771 #4]   39.2s evaluate scroll #54
[8771 #4]   39.3s wait #54
[8771 #4]   39.8s evaluate scroll #55
[8771 #4]   40.0s wait #55
[8771 #4]   40.5s evaluate scroll #56
[8771 #4]   40.6s wait #56
[8771 #4]   41.1s evaluate scroll #57
[8771 #4]   41.3s wait #57
[8771 #4]   41.8s evaluate scroll #58
[8771 #4]   41.9s wait #58
[8771 #4]   42.4s evaluate scroll #59
[8771 #4]   42.5s wait #59
[8771 #4]   43.0s evaluate scroll #60
[8771 #4]   43.1s wait #60
[8771 #4]   43.6s evaluate scroll #61
[8771 #4]   43.8s wait #61
[8771 #4]   44.3s evaluate scroll #62
[8771 #4]   44.5s wait #62
[8771 #4]   45.0s evaluate scroll #63
[8771 #4]   45.1s wait #63
[8771 #4]   45.6s evaluate scroll #64
[8771 #4]   45.7s wait #64
[8771 #4]   46.2s evaluate scroll #65
[8771 #4]   46.4s wait #65
[8771 #4]   46.9s evaluate scroll #66
[8771 #4]   47.0s wait #66
[8771 #4]   47.5s evaluate scroll #67
[8771 #4]   47.6s wait #67
[8771 #4]   48.1s evaluate scroll #68
[8771 #4]   48.2s wait #68
[8771 #4]   48.7s evaluate scroll #69
[8771 #4]   49.0s wait #69
[8771 #4]   49.5s evaluate scroll #70
[8771 #4]   49.7s wait #70
[8771 #4]   50.2s evaluate scroll #71
[8771 #4]   50.3s wait #71
[8771 #4]   50.8s evaluate scroll #72
[8771 #4]   50.9s wait #72
[8771 #4]   51.4s evaluate scroll #73
[8771 #4]   51.6s wait #73
[8771 #4]   52.1s evaluate scroll #74
[8771 #4]   52.2s wait #74
[8771 #4]   52.7s evaluate scroll #75
[8771 #4]   52.9s wait #75
[8771 #4]   53.4s evaluate scroll #76
[8771 #4]   53.5s wait #76
[8771 #4]   54.0s evaluate scroll #77
[8771 #4]   54.1s wait #77
[8771 #4]   54.6s evaluate scroll #78
[8771 #4]   54.7s wait #78
[8771 #4]   55.2s evaluate scroll #79
[8771 #4]   55.4s wait #79
[8771 #4]   55.9s evaluate scroll #80
[8771 #4]   56.0s wait #80
[8771 #4]   56.5s evaluate scroll #81
[8771 #4]   56.6s wait #81
[8771 #4]   57.1s evaluate scroll #82
[8771 #4]   57.3s wait #82
[8771 #4]   57.8s evaluate scroll #83
[8771 #4]   57.9s wait #83
[8771 #4]   58.4s evaluate scroll #84
[8771 #4]   58.5s wait #84
[8771 #4]   59.0s evaluate scroll #85
[8771 #4]   59.2s wait #85
[8771 #4]   59.7s evaluate scroll #86
[8771 #4]   59.9s wait #86
[8771 #4] RESULT OK 01M43K73R734AGFQSW740GKWW0 
]   38.5s wait #52
[8772 #4]   39.0s evaluate scroll #53
[8772 #4]   39.1s wait #53
[8772 #4]   39.6s evaluate scroll #54
[8772 #4]   39.8s wait #54
[8772 #4]   40.3s evaluate scroll #55
[8772 #4]   40.4s wait #55
[8772 #4]   40.9s evaluate scroll #56
[8772 #4]   41.1s wait #56
[8772 #4]   41.6s evaluate scroll #57
[8772 #4]   41.7s wait #57
[8772 #4]   42.2s evaluate scroll #58
[8772 #4]   42.3s wait #58
[8772 #4]   42.8s evaluate scroll #59
[8772 #4]   42.9s wait #59
[8772 #4]   43.4s evaluate scroll #60
[8772 #4]   43.5s wait #60
[8772 #4]   44.0s evaluate scroll #61
[8772 #4]   44.2s wait #61
[8772 #4]   44.7s evaluate scroll #62
[8772 #4]   44.8s wait #62
[8772 #4]   45.3s evaluate scroll #63
[8772 #4]   45.5s wait #63
[8772 #4]   46.0s evaluate scroll #64
[8772 #4]   46.2s wait #64
[8772 #4]   46.7s evaluate scroll #65
[8772 #4]   46.8s wait #65
[8772 #4]   47.3s evaluate scroll #66
[8772 #4]   47.5s wait #66
[8772 #4]   48.0s evaluate scroll #67
[8772 #4]   48.1s wait #67
[8772 #4]   48.6s evaluate scroll #68
[8772 #4]   48.8s wait #68
[8772 #4]   49.3s evaluate scroll #69
[8772 #4]   49.4s wait #69
[8772 #4]   49.9s evaluate scroll #70
[8772 #4]   50.1s wait #70
[8772 #4]   50.6s evaluate scroll #71
[8772 #4]   50.7s wait #71
[8772 #4]   51.2s evaluate scroll #72
[8772 #4]   51.6s wait #72
[8772 #4]   52.1s evaluate scroll #73
[8772 #4]   52.2s wait #73
[8772 #4]   52.7s evaluate scroll #74
[8772 #4]   52.8s wait #74
[8772 #4]   53.3s evaluate scroll #75
[8772 #4]   53.5s wait #75
[8772 #4]   54.0s evaluate scroll #76
[8772 #4]   54.1s wait #76
[8772 #4]   54.6s evaluate scroll #77
[8772 #4]   54.8s wait #77
[8772 #4]   55.3s evaluate scroll #78
[8772 #4]   55.4s wait #78
[8772 #4]   55.9s evaluate scroll #79
[8772 #4]   56.0s wait #79
[8772 #4]   56.5s evaluate scroll #80
[8772 #4]   56.7s wait #80
[8772 #4]   57.2s evaluate scroll #81
[8772 #4]   57.3s wait #81
[8772 #4]   57.8s evaluate scroll #82
[8772 #4]   57.9s wait #82
[8772 #4]   58.4s evaluate scroll #83
[8772 #4]   58.6s wait #83
[8772 #4]   59.1s evaluate scroll #84
[8772 #4]   59.3s wait #84
[8772 #4]   59.8s evaluate scroll #85
[8772 #4]   59.9s wait #85
[8772 #4] RESULT OK 01M43K7444DE4R0PHGZMPMJR74 
[8771 #5]    0.0s session 01M43K91P43C3X2EZJ01Q7PZG6 browser wp6_viewport-M5wOn5rphr
[8771 #5]    0.2s liveview opened
[8771 #5] viewer_requested {'ua': 'Mozilla/5.0 (iPhone; CPU iPhone OS 18_7 like Mac OS X) AppleWebKit/605.1.15 (KHTML, like Gecko) Version/26.5 Mobile/15E1'}
[8771 #5] viewer_page_loaded {'sincePageStartMs': 54, 'userAgent': 'Mozilla/5.0 (iPhone; CPU iPhone OS 18_7 like Mac OS X) AppleWebKit/605.1.15 (KHTML, like Gecko) Version/26.5 Mobile/15E148 Safari/604.1', 'secureContext': True}
[8771 #5] viewer_authenticated {'sincePageStartMs': 926}
[8771 #5]    1.5s cdp connected
[8771 #5]    1.5s goto
[8771 #5] viewer_connected {'sincePageStartMs': 1703}
[8771 #5]    3.5s loaded
[8771 #5]    3.5s evaluate scroll #1
[8771 #5] viewer_first_frame {'sincePageStartMs': 3601}
[8771 #5]    4.1s wait #1
[8771 #5]    4.6s evaluate scroll #2
[8771 #5]    5.0s wait #2
[8771 #5]    5.5s evaluate scroll #3
[8771 #5]    5.7s wait #3
[8771 #5]    6.2s evaluate scroll #4
[8771 #5]    6.8s wait #4
[8771 #5]    7.3s evaluate scroll #5
[8771 #5]    7.4s wait #5
[8771 #5]    7.9s evaluate scroll #6
[8771 #5]    8.1s wait #6
[8771 #5]    8.6s evaluate scroll #7
[8771 #5]    8.8s wait #7
[8771 #5]    9.3s evaluate scroll #8
[8771 #5]    9.4s wait #8
[8771 #5]    9.9s evaluate scroll #9
[8771 #5]   10.1s wait #9
[8771 #5]   10.6s evaluate scroll #10
[8771 #5]   10.8s wait #10
[8771 #5]   11.3s evaluate scroll #11
[8771 #5]   11.5s wait #11
[8771 #5]   12.0s evaluate scroll #12
[8771 #5]   12.1s wait #12
[8771 #5]   12.6s evaluate scroll #13
[8771 #5]   12.7s wait #13
[8771 #5]   13.2s evaluate scroll #14
[8771 #5]   13.3s wait #14
[8771 #5]   13.8s evaluate scroll #15
[8771 #5]   14.2s wait #15
[8771 #5]   14.7s evaluate scroll #16
[8771 #5]   14.8s wait #16
[8771 #5]   15.3s evaluate scroll #17
[8771 #5]   15.5s wait #17
[8771 #5]   16.0s evaluate scroll #18
[8771 #5]   16.2s wait #18
[8771 #5]   16.7s evaluate scroll #19
[8771 #5]   16.8s wait #19
[8771 #5]   17.4s evaluate scroll #20
[8771 #5]   17.5s wait #20
[8771 #5]   18.0s evaluate scroll #21
[8771 #5]   18.1s wait #21
[8771 #5]   18.6s evaluate scroll #22
[8771 #5]   18.8s wait #22
[8771 #5]   19.3s evaluate scroll #23
[8771 #5]   19.5s wait #23
[8771 #5]   20.0s evaluate scroll #24
[8771 #5]   20.1s wait #24
[8771 #5]   20.6s evaluate scroll #25
[8771 #5]   20.7s wait #25
[8771 #5]   21.2s evaluate scroll #26
[8771 #5]   21.4s wait #26
[8771 #5]   21.9s evaluate scroll #27
[8771 #5]   22.1s wait #27
[8771 #5]   22.6s evaluate scroll #28
[8771 #5]   22.7s wait #28
[8771 #5]   23.2s evaluate scroll #29
[8771 #5]   23.4s wait #29
[8771 #5]   23.9s evaluate scroll #30
[8771 #5]   24.1s wait #30
[8771 #5]   24.6s evaluate scroll #31
[8771 #5]   24.7s wait #31
[8771 #5]   25.2s evaluate scroll #32
[8771 #5]   25.4s wait #32
[8771 #5]   25.9s evaluate scroll #33
[8771 #5]   26.0s wait #33
[8771 #5]   26.5s evaluate scroll #34
[8771 #5]   26.7s wait #34
[8771 #5]   27.2s evaluate scroll #35
[8771 #5]   27.3s wait #35
[8771 #5]   27.8s evaluate scroll #36
[8771 #5]   27.9s wait #36
[8771 #5]   28.4s evaluate scroll #37
[8771 #5]   28.6s wait #37
[8771 #5]   29.1s evaluate scroll #38
[8771 #5]   29.3s wait #38
[8771 #5]   29.8s evaluate scroll #39
[8771 #5]   30.0s wait #39
[8771 #5]   30.5s evaluate scroll #40
[8771 #5]   30.6s wait #40
[8771 #5]   31.1s evaluate scroll #41
[8771 #5]   31.3s wait #41
[8771 #5]   31.8s evaluate scroll #42
[8771 #5]   31.9s wait #42
[8771 #5]   32.4s evaluate scroll #43
[8771 #5]   32.6s wait #43
[8771 #5]   33.1s evaluate scroll #44
[8771 #5]   33.2s wait #44
[8771 #5]   33.7s evaluate scroll #45
[8771 #5]   33.9s wait #45
[8771 #5]   34.4s evaluate scroll #46
[8771 #5]   34.5s wait #46
[8771 #5]   35.0s evaluate scroll #47
[8771 #5]   35.2s wait #47
[8771 #5]   35.7s evaluate scroll #48
[8771 #5]   35.8s wait #48
[8771 #5]   36.3s evaluate scroll #49
[8771 #5]   36.5s wait #49
[8771 #5]   37.0s evaluate scroll #50
[8771 #5]   37.2s wait #50
[8771 #5]   37.7s evaluate scroll #51
[8771 #5]   37.9s wait #51
[8771 #5]   38.4s evaluate scroll #52
[8771 #5[8772 #5]    0.0s session 01M43K91PBSHVNKKV0M9G3ZYYZ browser wp6_viewport-M5wOn5rphr
[8772 #5]    0.1s liveview opened
[8772 #5] viewer_requested {'ua': 'Mozilla/5.0 (iPhone; CPU iPhone OS 18_7 like Mac OS X) AppleWebKit/605.1.15 (KHTML, like Gecko) Version/26.5 Mobile/15E1'}
[8772 #5] viewer_page_loaded {'sincePageStartMs': 113, 'userAgent': 'Mozilla/5.0 (iPhone; CPU iPhone OS 18_7 like Mac OS X) AppleWebKit/605.1.15 (KHTML, like Gecko) Version/26.5 Mobile/15E148 Safari/604.1', 'secureContext': True}
[8772 #5] viewer_authenticated {'sincePageStartMs': 1136}
[8772 #5]    1.4s cdp connected
[8772 #5]    1.4s goto
[8772 #5] viewer_connected {'sincePageStartMs': 1699}
[8772 #5]    3.3s loaded
[8772 #5]    3.3s evaluate scroll #1
[8772 #5] viewer_first_frame {'sincePageStartMs': 3476}
[8772 #5]    3.7s wait #1
[8772 #5]    4.2s evaluate scroll #2
[8772 #5]    4.6s wait #2
[8772 #5]    5.1s evaluate scroll #3
[8772 #5]    5.3s wait #3
[8772 #5]    5.8s evaluate scroll #4
[8772 #5]    5.9s wait #4
[8772 #5]    6.4s evaluate scroll #5
[8772 #5]    7.5s wait #5
[8772 #5]    8.0s evaluate scroll #6
[8772 #5]    8.1s wait #6
[8772 #5]    8.6s evaluate scroll #7
[8772 #5]    8.7s wait #7
[8772 #5]    9.2s evaluate scroll #8
[8772 #5]    9.5s wait #8
[8772 #5]   10.0s evaluate scroll #9
[8772 #5]   10.2s wait #9
[8772 #5]   10.7s evaluate scroll #10
[8772 #5]   10.8s wait #10
[8772 #5]   11.3s evaluate scroll #11
[8772 #5]   11.5s wait #11
[8772 #5]   12.0s evaluate scroll #12
[8772 #5]   12.2s wait #12
[8772 #5]   12.7s evaluate scroll #13
[8772 #5]   12.8s wait #13
[8772 #5]   13.3s evaluate scroll #14
[8772 #5]   13.4s wait #14
[8772 #5]   13.9s evaluate scroll #15
[8772 #5]   14.1s wait #15
[8772 #5]   14.6s evaluate scroll #16
[8772 #5]   14.8s wait #16
[8772 #5]   15.3s evaluate scroll #17
[8772 #5]   15.4s wait #17
[8772 #5]   15.9s evaluate scroll #18
[8772 #5]   16.1s wait #18
[8772 #5]   16.6s evaluate scroll #19
[8772 #5]   16.8s wait #19
[8772 #5]   17.3s evaluate scroll #20
[8772 #5]   17.4s wait #20
[8772 #5]   17.9s evaluate scroll #21
[8772 #5]   18.1s wait #21
[8772 #5]   18.6s evaluate scroll #22
[8772 #5]   18.9s wait #22
[8772 #5]   19.4s evaluate scroll #23
[8772 #5]   19.5s wait #23
[8772 #5]   20.0s evaluate scroll #24
[8772 #5]   20.1s wait #24
[8772 #5]   20.6s evaluate scroll #25
[8772 #5]   20.7s wait #25
[8772 #5]   21.3s evaluate scroll #26
[8772 #5]   21.4s wait #26
[8772 #5]   21.9s evaluate scroll #27
[8772 #5]   22.2s wait #27
[8772 #5]   22.7s evaluate scroll #28
[8772 #5]   22.9s wait #28
[8772 #5]   23.4s evaluate scroll #29
[8772 #5]   23.6s wait #29
[8772 #5]   24.1s evaluate scroll #30
[8772 #5]   24.3s wait #30
[8772 #5]   24.8s evaluate scroll #31
[8772 #5]   25.0s wait #31
[8772 #5]   25.5s evaluate scroll #32
[8772 #5]   25.6s wait #32
[8772 #5]   26.1s evaluate scroll #33
[8772 #5]   26.3s wait #33
[8772 #5]   26.8s evaluate scroll #34
[8772 #5]   26.9s wait #34
[8772 #5]   27.4s evaluate scroll #35
[8772 #5]   27.5s wait #35
[8772 #5]   28.0s evaluate scroll #36
[8772 #5]   28.2s wait #36
[8772 #5]   28.7s evaluate scroll #37
[8772 #5]   28.8s wait #37
[8772 #5]   29.3s evaluate scroll #38
[8772 #5]   29.4s wait #38
[8772 #5]   29.9s evaluate scroll #39
[8772 #5]   30.1s wait #39
[8772 #5]   30.6s evaluate scroll #40
[8772 #5]   30.7s wait #40
[8772 #5]   31.2s evaluate scroll #41
[8772 #5]   31.3s wait #41
[8772 #5]   31.8s evaluate scroll #42
[8772 #5]   31.9s wait #42
[8772 #5]   32.4s evaluate scroll #43
[8772 #5]   32.6s wait #43
[8772 #5]   33.1s evaluate scroll #44
[8772 #5]   33.2s wait #44
[8772 #5]   33.7s evaluate scroll #45
[8772 #5]   33.8s wait #45
[8772 #5]   34.3s evaluate scroll #46
[8772 #5]   34.5s wait #46
[8772 #5]   35.0s evaluate scroll #47
[8772 #5]   35.3s wait #47
[8772 #5]   35.8s evaluate scroll #48
[8772 #5]   35.9s wait #48
[8772 #5]   36.4s evaluate scroll #49
[8772 #5]   36.9s wait #49
[8772 #5]   37.4s evaluate scroll #50
[8772 #5]   37.5s wait #50
[8772 #5]   38.0s evaluate scroll #51
[8772 #5]   38.2s wait #51
[8772 #5]   38.7s evaluate scroll #52
[8772 ]   38.5s wait #52
[8771 #5]   39.0s evaluate scroll #53
[8771 #5]   39.3s wait #53
[8771 #5]   39.9s evaluate scroll #54
[8771 #5]   40.0s wait #54
[8771 #5]   40.5s evaluate scroll #55
[8771 #5]   40.7s wait #55
[8771 #5]   41.2s evaluate scroll #56
[8771 #5]   41.3s wait #56
[8771 #5]   41.8s evaluate scroll #57
[8771 #5]   42.0s wait #57
[8771 #5]   42.5s evaluate scroll #58
[8771 #5]   42.6s wait #58
[8771 #5]   43.1s evaluate scroll #59
[8771 #5]   43.4s wait #59
[8771 #5]   43.9s evaluate scroll #60
[8771 #5]   44.1s wait #60
[8771 #5]   44.6s evaluate scroll #61
[8771 #5]   44.7s wait #61
[8771 #5]   45.2s evaluate scroll #62
[8771 #5]   45.6s wait #62
[8771 #5]   46.1s evaluate scroll #63
[8771 #5]   46.3s wait #63
[8771 #5]   46.8s evaluate scroll #64
[8771 #5]   47.1s wait #64
[8771 #5]   47.6s evaluate scroll #65
[8771 #5]   47.8s wait #65
[8771 #5]   48.3s evaluate scroll #66
[8771 #5]   48.6s wait #66
[8771 #5]   49.1s evaluate scroll #67
[8771 #5]   49.2s wait #67
[8771 #5]   49.7s evaluate scroll #68
[8771 #5]   50.0s wait #68
[8771 #5]   50.5s evaluate scroll #69
[8771 #5]   50.7s wait #69
[8771 #5]   51.2s evaluate scroll #70
[8771 #5]   51.4s wait #70
[8771 #5]   51.9s evaluate scroll #71
[8771 #5]   52.0s wait #71
[8771 #5]   52.5s evaluate scroll #72
[8771 #5]   52.9s wait #72
[8771 #5]   53.4s evaluate scroll #73
[8771 #5]   53.6s wait #73
[8771 #5]   54.1s evaluate scroll #74
[8771 #5]   54.3s wait #74
[8771 #5]   54.8s evaluate scroll #75
[8771 #5]   55.0s wait #75
[8771 #5]   55.5s evaluate scroll #76
[8771 #5]   55.6s wait #76
[8771 #5]   56.1s evaluate scroll #77
[8771 #5]   56.3s wait #77
[8771 #5]   56.8s evaluate scroll #78
[8771 #5]   56.9s wait #78
[8771 #5]   57.4s evaluate scroll #79
[8771 #5]   57.6s wait #79
[8771 #5]   58.1s evaluate scroll #80
[8771 #5]   58.2s wait #80
[8771 #5]   58.7s evaluate scroll #81
[8771 #5]   58.8s wait #81
[8771 #5]   59.3s evaluate scroll #82
[8771 #5]   59.6s wait #82
[8771 #5] RESULT OK 01M43K91P43C3X2EZJ01Q7PZG6 
#5]   39.0s wait #52
[8772 #5]   39.5s evaluate scroll #53
[8772 #5]   39.6s wait #53
[8772 #5]   40.1s evaluate scroll #54
[8772 #5]   40.3s wait #54
[8772 #5]   40.8s evaluate scroll #55
[8772 #5]   41.0s wait #55
[8772 #5]   41.5s evaluate scroll #56
[8772 #5]   41.6s wait #56
[8772 #5]   42.1s evaluate scroll #57
[8772 #5]   42.3s wait #57
[8772 #5]   42.8s evaluate scroll #58
[8772 #5]   43.0s wait #58
[8772 #5]   43.5s evaluate scroll #59
[8772 #5]   43.7s wait #59
[8772 #5]   44.2s evaluate scroll #60
[8772 #5]   44.3s wait #60
[8772 #5]   44.8s evaluate scroll #61
[8772 #5]   45.3s wait #61
[8772 #5]   45.8s evaluate scroll #62
[8772 #5]   45.9s wait #62
[8772 #5]   46.4s evaluate scroll #63
[8772 #5]   46.7s wait #63
[8772 #5]   47.2s evaluate scroll #64
[8772 #5]   47.4s wait #64
[8772 #5]   47.9s evaluate scroll #65
[8772 #5]   48.3s wait #65
[8772 #5]   48.8s evaluate scroll #66
[8772 #5]   48.9s wait #66
[8772 #5]   49.4s evaluate scroll #67
[8772 #5]   49.6s wait #67
[8772 #5]   50.1s evaluate scroll #68
[8772 #5]   50.3s wait #68
[8772 #5]   50.8s evaluate scroll #69
[8772 #5]   51.0s wait #69
[8772 #5]   51.5s evaluate scroll #70
[8772 #5]   51.6s wait #70
[8772 #5]   52.1s evaluate scroll #71
[8772 #5]   52.5s wait #71
[8772 #5]   53.0s evaluate scroll #72
[8772 #5]   53.3s wait #72
[8772 #5]   53.8s evaluate scroll #73
[8772 #5]   53.9s wait #73
[8772 #5]   54.4s evaluate scroll #74
[8772 #5]   54.7s wait #74
[8772 #5]   55.2s evaluate scroll #75
[8772 #5]   55.3s wait #75
[8772 #5]   55.8s evaluate scroll #76
[8772 #5]   55.9s wait #76
[8772 #5]   56.4s evaluate scroll #77
[8772 #5]   56.6s wait #77
[8772 #5]   57.1s evaluate scroll #78
[8772 #5]   57.2s wait #78
[8772 #5]   57.7s evaluate scroll #79
[8772 #5]   57.8s wait #79
[8772 #5]   58.3s evaluate scroll #80
[8772 #5]   58.4s wait #80
[8772 #5]   58.9s evaluate scroll #81
[8772 #5]   59.1s wait #81
[8772 #5]   59.6s evaluate scroll #82
[8772 #5]   59.9s wait #82
[8772 #5] RESULT OK 01M43K91PBSHVNKKV0M9G3ZYYZ 
[8771 #6]    0.0s session 01M43KAYXGFXKK0V6QA29FK7XV browser wp6_viewport-M5wOn5rphr
[8771 #6]    0.1s liveview opened
[8771 #6] viewer_requested {'ua': 'Mozilla/5.0 (iPhone; CPU iPhone OS 18_7 like Mac OS X) AppleWebKit/605.1.15 (KHTML, like Gecko) Version/26.5 Mobile/15E1'}
[8771 #6] viewer_page_loaded {'sincePageStartMs': 45, 'userAgent': 'Mozilla/5.0 (iPhone; CPU iPhone OS 18_7 like Mac OS X) AppleWebKit/605.1.15 (KHTML, like Gecko) Version/26.5 Mobile/15E148 Safari/604.1', 'secureContext': True}
[8771 #6]    1.4s cdp connected
[8771 #6]    1.4s goto
[8771 #6] viewer_authenticated {'sincePageStartMs': 1200}
[8771 #6] viewer_connected {'sincePageStartMs': 1944}
[8771 #6]    3.3s loaded
[8771 #6]    3.3s evaluate scroll #1
[8771 #6]    3.7s wait #1
[8771 #6]    4.2s evaluate scroll #2
[8771 #6] viewer_first_frame {'sincePageStartMs': 4090}
[8771 #6]    4.4s wait #2
[8771 #6]    4.9s evaluate scroll #3
[8771 #6]    5.3s wait #3
[8771 #6]    5.8s evaluate scroll #4
[8771 #6]    5.9s wait #4
[8771 #6]    6.4s evaluate scroll #5
[8771 #6]    6.6s wait #5
[8771 #6]    7.1s evaluate scroll #6
[8771 #6]    7.7s wait #6
[8771 #6]    8.2s evaluate scroll #7
[8771 #6]    8.4s wait #7
[8771 #6]    8.9s evaluate scroll #8
[8771 #6]    9.0s wait #8
[8771 #6]    9.5s evaluate scroll #9
[8771 #6]    9.7s wait #9
[8771 #6]   10.2s evaluate scroll #10
[8771 #6]   10.4s wait #10
[8771 #6]   10.9s evaluate scroll #11
[8771 #6]   11.0s wait #11
[8771 #6]   11.5s evaluate scroll #12
[8771 #6]   11.6s wait #12
[8771 #6]   12.1s evaluate scroll #13
[8771 #6]   12.4s wait #13
[8771 #6]   12.9s evaluate scroll #14
[8771 #6]   13.1s wait #14
[8771 #6]   13.6s evaluate scroll #15
[8771 #6]   13.7s wait #15
[8771 #6]   14.2s evaluate scroll #16
[8771 #6]   14.5s wait #16
[8771 #6]   15.0s evaluate scroll #17
[8771 #6]   15.1s wait #17
[8771 #6]   15.6s evaluate scroll #18
[8771 #6]   15.7s wait #18
[8771 #6]   16.2s evaluate scroll #19
[8771 #6]   16.4s wait #19
[8771 #6]   16.9s evaluate scroll #20
[8771 #6]   17.0s wait #20
[8771 #6]   17.5s evaluate scroll #21
[8771 #6]   17.7s wait #21
[8771 #6]   18.2s evaluate scroll #22
[8771 #6]   18.3s wait #22
[8771 #6]   18.8s evaluate scroll #23
[8771 #6]   19.0s wait #23
[8771 #6]   19.5s evaluate scroll #24
[8771 #6]   19.6s wait #24
[8771 #6]   20.1s evaluate scroll #25
[8771 #6]   20.2s wait #25
[8771 #6]   20.7s evaluate scroll #26
[8771 #6]   20.9s wait #26
[8771 #6]   21.4s evaluate scroll #27
[8771 #6]   21.5s wait #27
[8771 #6]   22.0s evaluate scroll #28
[8771 #6]   22.1s wait #28
[8771 #6]   22.6s evaluate scroll #29
[8771 #6]   22.9s wait #29
[8771 #6]   23.4s evaluate scroll #30
[8771 #6]   23.5s wait #30
[8771 #6]   24.0s evaluate scroll #31
[8771 #6]   24.2s wait #31
[8771 #6]   24.7s evaluate scroll #32
[8771 #6]   24.8s wait #32
[8771 #6]   25.3s evaluate scroll #33
[8771 #6]   25.4s wait #33
[8771 #6]   25.9s evaluate scroll #34
[8771 #6]   26.0s wait #34
[8771 #6]   26.5s evaluate scroll #35
[8771 #6]   26.6s wait #35
[8771 #6]   27.1s evaluate scroll #36
[8771 #6]   27.2s wait #36
[8771 #6]   27.7s evaluate scroll #37
[8771 #6]   27.8s wait #37
[8771 #6]   28.3s evaluate scroll #38
[8771 #6]   28.5s wait #38
[8771 #6]   29.0s evaluate scroll #39
[8771 #6]   29.4s wait #39
[8771 #6]   29.9s evaluate scroll #40
[8771 #6]   30.1s wait #40
[8771 #6]   30.6s evaluate scroll #41
[8771 #6]   30.7s wait #41
[8771 #6]   31.2s evaluate scroll #42
[8771 #6]   31.3s wait #42
[8771 #6]   31.8s evaluate scroll #43
[8771 #6]   32.0s wait #43
[8771 #6]   32.5s evaluate scroll #44
[8771 #6]   32.6s wait #44
[8771 #6]   33.1s evaluate scroll #45
[8771 #6]   33.2s wait #45
[8771 #6]   33.7s evaluate scroll #46
[8771 #6]   33.8s wait #46
[8771 #6]   34.3s evaluate scroll #47
[8771 #6]   34.5s wait #47
[8771 #6]   35.0s evaluate scroll #48
[8771 #6]   35.2s wait #48
[8771 #6]   35.7s evaluate scroll #49
[8771 #6]   35.8s wait #49
[8771 #6]   36.3s evaluate scroll #50
[8771 #6]   36.5s wait #50
[8771 #6]   37.0s evaluate scroll #51
[8771 #6]   37.2s wait #51
[8771 #6]   37.7s evaluate scroll #52
[8771 #[8772 #6]    0.0s session 01M43KAZ8TNCEB8YRYDG6YAZZZ browser wp6_viewport-M5wOn5rphr
[8772 #6]    0.1s liveview opened
[8772 #6] viewer_requested {'ua': 'Mozilla/5.0 (iPhone; CPU iPhone OS 18_7 like Mac OS X) AppleWebKit/605.1.15 (KHTML, like Gecko) Version/26.5 Mobile/15E1'}
[8772 #6] viewer_page_loaded {'sincePageStartMs': 42, 'userAgent': 'Mozilla/5.0 (iPhone; CPU iPhone OS 18_7 like Mac OS X) AppleWebKit/605.1.15 (KHTML, like Gecko) Version/26.5 Mobile/15E148 Safari/604.1', 'secureContext': True}
[8772 #6] viewer_authenticated {'sincePageStartMs': 1060}
[8772 #6]    1.4s cdp connected
[8772 #6]    1.4s goto
[8772 #6] viewer_connected {'sincePageStartMs': 1778}
[8772 #6]    3.2s loaded
[8772 #6]    3.2s evaluate scroll #1
[8772 #6]    3.7s wait #1
[8772 #6] viewer_first_frame {'sincePageStartMs': 3808}
[8772 #6]    4.2s evaluate scroll #2
[8772 #6]    4.7s wait #2
[8772 #6]    5.2s evaluate scroll #3
[8772 #6]    5.4s wait #3
[8772 #6]    5.9s evaluate scroll #4
[8772 #6]    6.0s wait #4
[8772 #6]    6.6s evaluate scroll #5
[8772 #6]    7.5s wait #5
[8772 #6]    8.0s evaluate scroll #6
[8772 #6]    8.1s wait #6
[8772 #6]    8.6s evaluate scroll #7
[8772 #6]    8.8s wait #7
[8772 #6]    9.3s evaluate scroll #8
[8772 #6]    9.5s wait #8
[8772 #6]   10.0s evaluate scroll #9
[8772 #6]   10.2s wait #9
[8772 #6]   10.7s evaluate scroll #10
[8772 #6]   10.8s wait #10
[8772 #6]   11.3s evaluate scroll #11
[8772 #6]   11.5s wait #11
[8772 #6]   12.0s evaluate scroll #12
[8772 #6]   12.2s wait #12
[8772 #6]   12.7s evaluate scroll #13
[8772 #6]   12.8s wait #13
[8772 #6]   13.3s evaluate scroll #14
[8772 #6]   13.6s wait #14
[8772 #6]   14.1s evaluate scroll #15
[8772 #6]   14.2s wait #15
[8772 #6]   14.7s evaluate scroll #16
[8772 #6]   14.8s wait #16
[8772 #6]   15.3s evaluate scroll #17
[8772 #6]   15.5s wait #17
[8772 #6]   16.0s evaluate scroll #18
[8772 #6]   16.1s wait #18
[8772 #6]   16.6s evaluate scroll #19
[8772 #6]   16.8s wait #19
[8772 #6]   17.3s evaluate scroll #20
[8772 #6]   17.4s wait #20
[8772 #6]   17.9s evaluate scroll #21
[8772 #6]   18.1s wait #21
[8772 #6]   18.6s evaluate scroll #22
[8772 #6]   18.7s wait #22
[8772 #6]   19.2s evaluate scroll #23
[8772 #6]   19.3s wait #23
[8772 #6]   19.8s evaluate scroll #24
[8772 #6]   20.0s wait #24
[8772 #6]   20.5s evaluate scroll #25
[8772 #6]   20.6s wait #25
[8772 #6]   21.1s evaluate scroll #26
[8772 #6]   21.3s wait #26
[8772 #6]   21.8s evaluate scroll #27
[8772 #6]   22.0s wait #27
[8772 #6]   22.5s evaluate scroll #28
[8772 #6]   22.7s wait #28
[8772 #6]   23.2s evaluate scroll #29
[8772 #6]   23.3s wait #29
[8772 #6]   23.8s evaluate scroll #30
[8772 #6]   23.9s wait #30
[8772 #6]   24.4s evaluate scroll #31
[8772 #6]   24.5s wait #31
[8772 #6]   25.0s evaluate scroll #32
[8772 #6]   25.1s wait #32
[8772 #6]   25.6s evaluate scroll #33
[8772 #6]   25.7s wait #33
[8772 #6]   26.2s evaluate scroll #34
[8772 #6]   26.3s wait #34
[8772 #6]   26.8s evaluate scroll #35
[8772 #6]   27.0s wait #35
[8772 #6]   27.5s evaluate scroll #36
[8772 #6]   27.6s wait #36
[8772 #6]   28.1s evaluate scroll #37
[8772 #6]   28.5s wait #37
[8772 #6]   29.0s evaluate scroll #38
[8772 #6]   29.2s wait #38
[8772 #6]   29.7s evaluate scroll #39
[8772 #6]   29.8s wait #39
[8772 #6]   30.3s evaluate scroll #40
[8772 #6]   30.5s wait #40
[8772 #6]   31.0s evaluate scroll #41
[8772 #6]   31.1s wait #41
[8772 #6]   31.6s evaluate scroll #42
[8772 #6]   31.7s wait #42
[8772 #6]   32.2s evaluate scroll #43
[8772 #6]   32.3s wait #43
[8772 #6]   32.8s evaluate scroll #44
[8772 #6]   32.9s wait #44
[8772 #6]   33.4s evaluate scroll #45
[8772 #6]   33.6s wait #45
[8772 #6]   34.1s evaluate scroll #46
[8772 #6]   34.3s wait #46
[8772 #6]   34.8s evaluate scroll #47
[8772 #6]   34.9s wait #47
[8772 #6]   35.4s evaluate scroll #48
[8772 #6]   35.6s wait #48
[8772 #6]   36.1s evaluate scroll #49
[8772 #6]   36.2s wait #49
[8772 #6]   36.7s evaluate scroll #50
[8772 #6]   36.8s wait #50
[8772 #6]   37.3s evaluate scroll #51
[8772 #6]   37.5s wait #51
[8772 #6]   38.0s evaluate scroll #52
[8772 #6]   37.8s wait #52
[8771 #6]   38.3s evaluate scroll #53
[8771 #6]   38.4s wait #53
[8771 #6]   38.9s evaluate scroll #54
[8771 #6]   39.0s wait #54
[8771 #6]   39.5s evaluate scroll #55
[8771 #6]   39.8s wait #55
[8771 #6]   40.3s evaluate scroll #56
[8771 #6]   40.4s wait #56
[8771 #6]   40.9s evaluate scroll #57
[8771 #6]   41.0s wait #57
[8771 #6]   41.5s evaluate scroll #58
[8771 #6]   42.0s wait #58
[8771 #6]   42.5s evaluate scroll #59
[8771 #6]   42.6s wait #59
[8771 #6]   43.1s evaluate scroll #60
[8771 #6]   43.2s wait #60
[8771 #6]   43.7s evaluate scroll #61
[8771 #6]   43.8s wait #61
[8771 #6]   44.3s evaluate scroll #62
[8771 #6]   44.5s wait #62
[8771 #6]   45.0s evaluate scroll #63
[8771 #6]   45.1s wait #63
[8771 #6]   45.6s evaluate scroll #64
[8771 #6]   45.8s wait #64
[8771 #6]   46.3s evaluate scroll #65
[8771 #6]   46.4s wait #65
[8771 #6]   46.9s evaluate scroll #66
[8771 #6]   47.1s wait #66
[8771 #6]   47.6s evaluate scroll #67
[8771 #6]   47.7s wait #67
[8771 #6]   48.2s evaluate scroll #68
[8771 #6]   48.3s wait #68
[8771 #6]   48.8s evaluate scroll #69
[8771 #6]   48.9s wait #69
[8771 #6]   49.4s evaluate scroll #70
[8771 #6]   49.5s wait #70
[8771 #6]   50.0s evaluate scroll #71
[8771 #6]   50.2s wait #71
[8771 #6]   50.7s evaluate scroll #72
[8771 #6]   51.0s wait #72
[8771 #6]   51.5s evaluate scroll #73
[8771 #6]   52.9s wait #73
[8771 #6]   53.4s evaluate scroll #74
[8771 #6]   55.0s wait #74
[8771 #6]   55.5s evaluate scroll #75
[8771 #6]   56.4s wait #75
[8771 #6]   56.9s evaluate scroll #76
[8771 #6]   57.8s wait #76
[8771 #6]   58.3s evaluate scroll #77
[8771 #6]   58.5s wait #77
[8771 #6]   59.0s evaluate scroll #78
[8771 #6]   59.1s wait #78
[8771 #6]   59.6s evaluate scroll #79
[8771 #6]   59.8s wait #79
[8771 #6] RESULT OK 01M43KAYXGFXKK0V6QA29FK7XV 
6]   38.1s wait #52
[8772 #6]   38.6s evaluate scroll #53
[8772 #6]   38.9s wait #53
[8772 #6]   39.4s evaluate scroll #54
[8772 #6]   39.5s wait #54
[8772 #6]   40.0s evaluate scroll #55
[8772 #6]   40.1s wait #55
[8772 #6]   40.6s evaluate scroll #56
[8772 #6]   40.7s wait #56
[8772 #6]   41.2s evaluate scroll #57
[8772 #6]   41.4s wait #57
[8772 #6]   41.9s evaluate scroll #58
[8772 #6]   42.0s wait #58
[8772 #6]   42.5s evaluate scroll #59
[8772 #6]   42.6s wait #59
[8772 #6]   43.1s evaluate scroll #60
[8772 #6]   43.3s wait #60
[8772 #6]   43.8s evaluate scroll #61
[8772 #6]   44.0s wait #61
[8772 #6]   44.5s evaluate scroll #62
[8772 #6]   44.6s wait #62
[8772 #6]   45.1s evaluate scroll #63
[8772 #6]   45.3s wait #63
[8772 #6]   45.8s evaluate scroll #64
[8772 #6]   45.9s wait #64
[8772 #6]   46.4s evaluate scroll #65
[8772 #6]   46.5s wait #65
[8772 #6]   47.0s evaluate scroll #66
[8772 #6]   47.1s wait #66
[8772 #6]   47.6s evaluate scroll #67
[8772 #6]   47.8s wait #67
[8772 #6]   48.3s evaluate scroll #68
[8772 #6]   48.4s wait #68
[8772 #6]   48.9s evaluate scroll #69
[8772 #6]   49.0s wait #69
[8772 #6]   49.5s evaluate scroll #70
[8772 #6]   49.7s wait #70
[8772 #6]   50.2s evaluate scroll #71
[8772 #6]   50.7s wait #71
[8772 #6]   51.2s evaluate scroll #72
[8772 #6]   52.7s wait #72
[8772 #6]   53.2s evaluate scroll #73
[8772 #6]   54.5s wait #73
[8772 #6]   55.0s evaluate scroll #74
[8772 #6]   56.1s wait #74
[8772 #6]   56.7s evaluate scroll #75
[8772 #6]   56.9s wait #75
[8772 #6]   57.4s evaluate scroll #76
[8772 #6]   57.6s wait #76
[8772 #6]   58.1s evaluate scroll #77
[8772 #6]   58.2s wait #77
[8772 #6]   58.7s evaluate scroll #78
[8772 #6]   58.9s wait #78
[8772 #6]   59.4s evaluate scroll #79
[8772 #6]   59.5s wait #79
[8772 #6]   60.0s evaluate scroll #80
[8772 #6]   60.1s wait #80
[8772 #6] RESULT OK 01M43KAZ8TNCEB8YRYDG6YAZZZ 
